Archive member included to satisfy reference by file (symbol)

c:/progra~2/gnuarm~1/102021~1.10/bin/../lib/gcc/arm-none-eabi/10.3.1/thumb/v6-m/nofp\libgcc.a(_dvmd_tls.o)
                              CMakeFiles/picoPioUartRx.dir/C_/Users/m3925/Documents/Pico/pico-sdk/src/rp2_common/pico_divider/divider.S.obj (__aeabi_idiv0)
c:/progra~2/gnuarm~1/102021~1.10/bin/../lib/gcc/arm-none-eabi/10.3.1/../../../../arm-none-eabi/lib/thumb/v6-m/nofp\libg.a(lib_a-calloc.o)
                              CMakeFiles/picoPioUartRx.dir/C_/Users/m3925/Documents/Pico/pico-sdk/src/rp2_common/pico_malloc/pico_malloc.c.obj (calloc)
c:/progra~2/gnuarm~1/102021~1.10/bin/../lib/gcc/arm-none-eabi/10.3.1/../../../../arm-none-eabi/lib/thumb/v6-m/nofp\libg.a(lib_a-callocr.o)
                              c:/progra~2/gnuarm~1/102021~1.10/bin/../lib/gcc/arm-none-eabi/10.3.1/../../../../arm-none-eabi/lib/thumb/v6-m/nofp\libg.a(lib_a-calloc.o) (_calloc_r)
c:/progra~2/gnuarm~1/102021~1.10/bin/../lib/gcc/arm-none-eabi/10.3.1/../../../../arm-none-eabi/lib/thumb/v6-m/nofp\libg.a(lib_a-errno.o)
                              c:/progra~2/gnuarm~1/102021~1.10/bin/../lib/gcc/arm-none-eabi/10.3.1/../../../../arm-none-eabi/lib/thumb/v6-m/nofp\libg.a(lib_a-callocr.o) (__errno)
c:/progra~2/gnuarm~1/102021~1.10/bin/../lib/gcc/arm-none-eabi/10.3.1/../../../../arm-none-eabi/lib/thumb/v6-m/nofp\libg.a(lib_a-impure.o)
                              c:/progra~2/gnuarm~1/102021~1.10/bin/../lib/gcc/arm-none-eabi/10.3.1/../../../../arm-none-eabi/lib/thumb/v6-m/nofp\libg.a(lib_a-calloc.o) (_impure_ptr)
c:/progra~2/gnuarm~1/102021~1.10/bin/../lib/gcc/arm-none-eabi/10.3.1/../../../../arm-none-eabi/lib/thumb/v6-m/nofp\libg.a(lib_a-init.o)
                              c:/progra~2/gnuarm~1/102021~1.10/bin/../lib/gcc/arm-none-eabi/10.3.1/../../../../arm-none-eabi/lib/thumb/v6-m/nofp/crt0.o (__libc_init_array)
c:/progra~2/gnuarm~1/102021~1.10/bin/../lib/gcc/arm-none-eabi/10.3.1/../../../../arm-none-eabi/lib/thumb/v6-m/nofp\libg.a(lib_a-malloc.o)
                              CMakeFiles/picoPioUartRx.dir/C_/Users/m3925/Documents/Pico/pico-sdk/src/rp2_common/pico_malloc/pico_malloc.c.obj (malloc)
c:/progra~2/gnuarm~1/102021~1.10/bin/../lib/gcc/arm-none-eabi/10.3.1/../../../../arm-none-eabi/lib/thumb/v6-m/nofp\libg.a(lib_a-mallocr.o)
                              c:/progra~2/gnuarm~1/102021~1.10/bin/../lib/gcc/arm-none-eabi/10.3.1/../../../../arm-none-eabi/lib/thumb/v6-m/nofp\libg.a(lib_a-callocr.o) (_malloc_r)
c:/progra~2/gnuarm~1/102021~1.10/bin/../lib/gcc/arm-none-eabi/10.3.1/../../../../arm-none-eabi/lib/thumb/v6-m/nofp\libg.a(lib_a-mlock.o)
                              c:/progra~2/gnuarm~1/102021~1.10/bin/../lib/gcc/arm-none-eabi/10.3.1/../../../../arm-none-eabi/lib/thumb/v6-m/nofp\libg.a(lib_a-mallocr.o) (__malloc_lock)
c:/progra~2/gnuarm~1/102021~1.10/bin/../lib/gcc/arm-none-eabi/10.3.1/../../../../arm-none-eabi/lib/thumb/v6-m/nofp\libg.a(lib_a-realloc.o)
                              CMakeFiles/picoPioUartRx.dir/C_/Users/m3925/Documents/Pico/pico-sdk/src/rp2_common/pico_malloc/pico_malloc.c.obj (realloc)
c:/progra~2/gnuarm~1/102021~1.10/bin/../lib/gcc/arm-none-eabi/10.3.1/../../../../arm-none-eabi/lib/thumb/v6-m/nofp\libg.a(lib_a-reallocr.o)
                              c:/progra~2/gnuarm~1/102021~1.10/bin/../lib/gcc/arm-none-eabi/10.3.1/../../../../arm-none-eabi/lib/thumb/v6-m/nofp\libg.a(lib_a-realloc.o) (_realloc_r)
c:/progra~2/gnuarm~1/102021~1.10/bin/../lib/gcc/arm-none-eabi/10.3.1/../../../../arm-none-eabi/lib/thumb/v6-m/nofp\libg.a(lib_a-sbrkr.o)
                              c:/progra~2/gnuarm~1/102021~1.10/bin/../lib/gcc/arm-none-eabi/10.3.1/../../../../arm-none-eabi/lib/thumb/v6-m/nofp\libg.a(lib_a-mallocr.o) (_sbrk_r)
c:/progra~2/gnuarm~1/102021~1.10/bin/../lib/gcc/arm-none-eabi/10.3.1/../../../../arm-none-eabi/lib/thumb/v6-m/nofp\libg.a(lib_a-strlen-stub.o)
                              CMakeFiles/picoPioUartRx.dir/C_/Users/m3925/Documents/Pico/pico-sdk/src/rp2_common/pico_stdio/stdio.c.obj (strlen)
c:/progra~2/gnuarm~1/102021~1.10/bin/../lib/gcc/arm-none-eabi/10.3.1/../../../../arm-none-eabi/lib/thumb/v6-m/nofp\libg.a(lib_a-freer.o)
                              c:/progra~2/gnuarm~1/102021~1.10/bin/../lib/gcc/arm-none-eabi/10.3.1/../../../../arm-none-eabi/lib/thumb/v6-m/nofp\libg.a(lib_a-malloc.o) (_free_r)
c:/progra~2/gnuarm~1/102021~1.10/bin/../lib/gcc/arm-none-eabi/10.3.1/../../../../arm-none-eabi/lib/thumb/v6-m/nofp\libg.a(lib_a-lock.o)
                              c:/progra~2/gnuarm~1/102021~1.10/bin/../lib/gcc/arm-none-eabi/10.3.1/../../../../arm-none-eabi/lib/thumb/v6-m/nofp\libg.a(lib_a-mlock.o) (__retarget_lock_acquire_recursive)
c:/progra~2/gnuarm~1/102021~1.10/bin/../lib/gcc/arm-none-eabi/10.3.1/../../../../arm-none-eabi/lib/thumb/v6-m/nofp\libg.a(lib_a-memmove.o)
[...]
Memory Configuration

Name             Origin             Length             Attributes
FLASH            0x10000000         0x00200000         xr
RAM              0x20000000         0x00040000         xrw
SCRATCH_X        0x20040000         0x00001000         xrw
SCRATCH_Y        0x20041000         0x00001000         xrw
*default*        0x00000000         0xffffffff

Linker script and memory map

LOAD c:/progra~2/gnuarm~1/102021~1.10/bin/../lib/gcc/arm-none-eabi/10.3.1/thumb/v6-m/nofp/crti.o
LOAD c:/progra~2/gnuarm~1/102021~1.10/bin/../lib/gcc/arm-none-eabi/10.3.1/thumb/v6-m/nofp/crtbegin.o
LOAD c:/progra~2/gnuarm~1/102021~1.10/bin/../lib/gcc/arm-none-eabi/10.3.1/../../../../arm-none-eabi/lib/thumb/v6-m/nofp/crt0.o

.flash_begin    0x10000000        0x0
                0x10000000                __flash_binary_start = .

.boot2          0x10000000      0x100
                0x10000000                __boot2_start__ = .
 *(.boot2)
 .boot2         0x10000000      0x100 C:\Users\m3925\AppData\Local\Temp\ccS4LV7j.o
                0x10000100                __boot2_end__ = .
                0x00000001                ASSERT (((__boot2_end__ - __boot2_start__) == 0x100), ERROR: Pico second stage bootloader must be 256 bytes in size)

.text           0x10000100     0x43a0
                0x10000100                __logical_binary_start = .
 *(.vectors)
 .vectors       0x10000100       0xd4 CMakeFiles/picoPioUartRx.dir/C_/Users/m3925/Documents/Pico/pico-sdk/src/rp2_common/pico_standard_link/crt0.S.obj
                0x10000100                __VECTOR_TABLE
                0x10000100                __vectors
                0x100001c0                isr_invalid
                0x100001c0                __default_isrs_start
                0x100001c2                isr_nmi
                0x100001c4                isr_hardfault
                0x100001c6                isr_svcall
                0x100001c8                isr_pendsv
                0x100001ca                isr_systick
                0x100001cc                isr_irq23
                0x100001cc                isr_irq18
                0x100001cc                isr_irq11
                0x100001cc                isr_irq28
                0x100001cc                isr_irq19
                0x100001cc                isr_irq0
                0x100001cc                isr_irq6
                0x100001cc                isr_irq5
                0x100001cc                isr_irq12
                0x100001cc                isr_irq22
                0x100001cc                isr_irq31
                0x100001cc                isr_irq17
                0x100001cc                isr_irq27
                0x100001cc                isr_irq30
                0x100001cc                isr_irq2
                0x100001cc                isr_irq10
                0x100001cc                isr_irq8
                0x100001cc                isr_irq24
                0x100001cc                isr_irq1
                0x100001cc                isr_irq7
                0x100001cc                isr_irq21
                0x100001cc                isr_irq20
                0x100001cc                isr_irq15
                0x100001cc                isr_irq25
                0x100001cc                isr_irq13
                0x100001cc                __unhandled_user_irq
                0x100001cc                isr_irq4
                0x100001cc                isr_irq16
                0x100001cc                isr_irq29
                0x100001cc                isr_irq26
                0x100001cc                __default_isrs_end
                0x100001cc                isr_irq3
                0x100001cc                isr_irq14
                0x100001cc                isr_irq9
                0x100001d2                unhandled_user_irq_num_in_r0
 *(.binary_info_header)
 .binary_info_header
                0x100001d4       0x14 CMakeFiles/picoPioUartRx.dir/C_/Users/m3925/Documents/Pico/pico-sdk/src/rp2_common/pico_standard_link/crt0.S.obj
                0x100001e8                __binary_info_header_end = .
 *(.reset)
 .reset         0x100001e8       0xa8 CMakeFiles/picoPioUartRx.dir/C_/Users/m3925/Documents/Pico/pico-sdk/src/rp2_common/pico_standard_link/crt0.S.obj
                0x100001e8                _entry_point
                0x10000266                __get_current_exception
 .reset         0x10000290       0x30 CMakeFiles/picoPioUartRx.dir/C_/Users/m3925/Documents/Pico/pico-sdk/src/rp2_common/pico_standard_link/binary_info.c.obj
 *(.init)
 .init          0x100002c0        0x4 c:/progra~2/gnuarm~1/102021~1.10/bin/../lib/gcc/arm-none-eabi/10.3.1/thumb/v6-m/nofp/crti.o
                0x100002c0                _init
 *(EXCLUDE_FILE(*libm.a: *libc.a:*lib_a-mem*.o *libgcc.a:) .text*)
 .text          0x100002c4       0x48 c:/progra~2/gnuarm~1/102021~1.10/bin/../lib/gcc/arm-none-eabi/10.3.1/thumb/v6-m/nofp/crtbegin.o
 .text.sm_config_set_clkdiv
                0x1000030c       0x3c CMakeFiles/picoPioUartRx.dir/picoPioUartRx.c.obj
 .text.pio_get_default_sm_config
                0x10000348       0x28 CMakeFiles/picoPioUartRx.dir/picoPioUartRx.c.obj
 .text.picoPioUartTx_program_putc
                0x10000370       0x50 CMakeFiles/picoPioUartRx.dir/picoPioUartRx.c.obj
                0x10000370                picoPioUartTx_program_putc
 .text.picoPioUartRx_program_getc
                0x100003c0       0x6a CMakeFiles/picoPioUartRx.dir/picoPioUartRx.c.obj
                0x100003c0                picoPioUartRx_program_getc
 *fill*         0x1000042a        0x2 
 .text.main     0x1000042c      0x1b8 CMakeFiles/picoPioUartRx.dir/picoPioUartRx.c.obj
                0x1000042c                main
 .text.gpio_set_function
                0x100005e4       0x30 CMakeFiles/picoPioUartRx.dir/C_/Users/m3925/Documents/Pico/pico-sdk/src/rp2_common/hardware_gpio/gpio.c.obj
                0x100005e4                gpio_set_function
 .text.gpio_set_pulls
                0x10000614       0x34 CMakeFiles/picoPioUartRx.dir/C_/Users/m3925/Documents/Pico/pico-sdk/src/rp2_common/hardware_gpio/gpio.c.obj
                0x10000614                gpio_set_pulls
 .text.hw_claim_lock
                0x10000648       0x18 CMakeFiles/picoPioUartRx.dir/C_/Users/m3925/Documents/Pico/pico-sdk/src/rp2_common/hardware_claim/claim.c.obj
                0x10000648                hw_claim_lock
 .text.hw_claim_unlock
                0x10000660       0x14 CMakeFiles/picoPioUartRx.dir/C_/Users/m3925/Documents/Pico/pico-sdk/src/rp2_common/hardware_claim/claim.c.obj
                0x10000660                hw_claim_unlock
 .text.hw_claim_or_assert
                0x10000674       0x32 CMakeFiles/picoPioUartRx.dir/C_/Users/m3925/Documents/Pico/pico-sdk/src/rp2_common/hardware_claim/claim.c.obj
                0x10000674                hw_claim_or_assert
 *fill*         0x100006a6        0x2 
 .text.running_on_fpga
                0x100006a8       0x14 CMakeFiles/picoPioUartRx.dir/C_/Users/m3925/Documents/Pico/pico-sdk/src/rp2_common/pico_platform/platform.c.obj
                0x100006a8                running_on_fpga
 .text.spin_locks_reset
                0x100006bc       0x20 CMakeFiles/picoPioUartRx.dir/C_/Users/m3925/Documents/Pico/pico-sdk/src/rp2_common/hardware_sync/sync.c.obj
                0x100006bc                spin_locks_reset
 .text.next_striped_spin_lock_num
                0x100006dc       0x1c CMakeFiles/picoPioUartRx.dir/C_/Users/m3925/Documents/Pico/pico-sdk/src/rp2_common/hardware_sync/sync.c.obj
                0x100006dc                next_striped_spin_lock_num
 .text.set_raw_irq_handler_and_unlock
                0x100006f8       0x28 CMakeFiles/picoPioUartRx.dir/C_/Users/m3925/Documents/Pico/pico-sdk/src/rp2_common/hardware_irq/irq.c.obj
 .text.make_branch
                0x10000720       0x48 CMakeFiles/picoPioUartRx.dir/C_/Users/m3925/Documents/Pico/pico-sdk/src/rp2_common/hardware_irq/irq.c.obj
 .text.insert_branch_and_link
                0x10000768       0x40 CMakeFiles/picoPioUartRx.dir/C_/Users/m3925/Documents/Pico/pico-sdk/src/rp2_common/hardware_irq/irq.c.obj
 .text.irq_is_enabled
                0x100007a8       0x18 CMakeFiles/picoPioUartRx.dir/C_/Users/m3925/Documents/Pico/pico-sdk/src/rp2_common/hardware_irq/irq.c.obj
                0x100007a8                irq_is_enabled
 .text.irq_set_mask_enabled
                0x100007c0       0x20 CMakeFiles/picoPioUartRx.dir/C_/Users/m3925/Documents/Pico/pico-sdk/src/rp2_common/hardware_irq/irq.c.obj
                0x100007c0                irq_set_mask_enabled
 .text.irq_set_enabled
                0x100007e0        0xe CMakeFiles/picoPioUartRx.dir/C_/Users/m3925/Documents/Pico/pico-sdk/src/rp2_common/hardware_irq/irq.c.obj
                0x100007e0                irq_set_enabled
 *fill*         0x100007ee        0x2 
 .text.irq_get_vtable_handler
                0x100007f0       0x10 CMakeFiles/picoPioUartRx.dir/C_/Users/m3925/Documents/Pico/pico-sdk/src/rp2_common/hardware_irq/irq.c.obj
                0x100007f0                irq_get_vtable_handler
 .text.irq_set_exclusive_handler
                0x10000800       0x54 CMakeFiles/picoPioUartRx.dir/C_/Users/m3925/Documents/Pico/pico-sdk/src/rp2_common/hardware_irq/irq.c.obj
                0x10000800                irq_set_exclusive_handler
 .text.irq_remove_handler
                0x10000854      0x1a8 CMakeFiles/picoPioUartRx.dir/C_/Users/m3925/Documents/Pico/pico-sdk/src/rp2_common/hardware_irq/irq.c.obj
                0x10000854                irq_remove_handler
 .text.irq_add_tail_to_free_list
                0x100009fc       0xf0 CMakeFiles/picoPioUartRx.dir/C_/Users/m3925/Documents/Pico/pico-sdk/src/rp2_common/hardware_irq/irq.c.obj
                0x100009fc                irq_add_tail_to_free_list
 .text.irq_init_priorities
                0x10000aec       0x1c CMakeFiles/picoPioUartRx.dir/C_/Users/m3925/Documents/Pico/pico-sdk/src/rp2_common/hardware_irq/irq.c.obj
                0x10000aec                irq_init_priorities
 .text.lock_init
                0x10000b08       0x10 CMakeFiles/picoPioUartRx.dir/C_/Users/m3925/Documents/Pico/pico-sdk/src/common/pico_sync/lock_core.c.obj
                0x10000b08                lock_init
 .text.alarm_pool_post_alloc_init
                0x10000b18       0x40 CMakeFiles/picoPioUartRx.dir/C_/Users/m3925/Documents/Pico/pico-sdk/src/common/pico_time/time.c.obj
 .text.timer_pool_entry_comparator
                0x10000b58       0x7c CMakeFiles/picoPioUartRx.dir/C_/Users/m3925/Documents/Pico/pico-sdk/src/common/pico_time/time.c.obj
                0x10000b58                timer_pool_entry_comparator
 .text.ph_add_child_node
                0x10000bd4       0xa4 CMakeFiles/picoPioUartRx.dir/C_/Users/m3925/Documents/Pico/pico-sdk/src/common/pico_time/time.c.obj
 .text.ph_merge_nodes
                0x10000c78       0x3e CMakeFiles/picoPioUartRx.dir/C_/Users/m3925/Documents/Pico/pico-sdk/src/common/pico_time/time.c.obj
 *fill*         0x10000cb6        0x2 
 .text.add_alarm_under_lock
                0x10000cb8      0x174 CMakeFiles/picoPioUartRx.dir/C_/Users/m3925/Documents/Pico/pico-sdk/src/common/pico_time/time.c.obj
 .text.alarm_pool_alarm_callback
                0x10000e2c      0x328 CMakeFiles/picoPioUartRx.dir/C_/Users/m3925/Documents/Pico/pico-sdk/src/common/pico_time/time.c.obj
 .text.alarm_pool_init_default
                0x10001154       0x38 CMakeFiles/picoPioUartRx.dir/C_/Users/m3925/Documents/Pico/pico-sdk/src/common/pico_time/time.c.obj
                0x10001154                alarm_pool_init_default
 .text.hardware_alarm_irq_handler
                0x1000118c       0x8c CMakeFiles/picoPioUartRx.dir/C_/Users/m3925/Documents/Pico/pico-sdk/src/rp2_common/hardware_timer/timer.c.obj
 .text.hardware_alarm_claim
                0x10001218       0x18 CMakeFiles/picoPioUartRx.dir/C_/Users/m3925/Documents/Pico/pico-sdk/src/rp2_common/hardware_timer/timer.c.obj
                0x10001218                hardware_alarm_claim
 .text.time_us_64
                0x10001230       0x18 CMakeFiles/picoPioUartRx.dir/C_/Users/m3925/Documents/Pico/pico-sdk/src/rp2_common/hardware_timer/timer.c.obj
                0x10001230                time_us_64
 .text.hardware_alarm_set_callback
                0x10001248       0x90 CMakeFiles/picoPioUartRx.dir/C_/Users/m3925/Documents/Pico/pico-sdk/src/rp2_common/hardware_timer/timer.c.obj
                0x10001248                hardware_alarm_set_callback
 .text.hardware_alarm_set_target
                0x100012d8       0xe8 CMakeFiles/picoPioUartRx.dir/C_/Users/m3925/Documents/Pico/pico-sdk/src/rp2_common/hardware_timer/timer.c.obj
                0x100012d8                hardware_alarm_set_target
 .text.hardware_alarm_cancel
                0x100013c0       0x40 CMakeFiles/picoPioUartRx.dir/C_/Users/m3925/Documents/Pico/pico-sdk/src/rp2_common/hardware_timer/timer.c.obj
                0x100013c0                hardware_alarm_cancel
 .text.ph_add_child_node
                0x10001400       0xa4 CMakeFiles/picoPioUartRx.dir/C_/Users/m3925/Documents/Pico/pico-sdk/src/common/pico_util/pheap.c.obj
 .text.ph_merge_nodes
                0x100014a4       0x3e CMakeFiles/picoPioUartRx.dir/C_/Users/m3925/Documents/Pico/pico-sdk/src/common/pico_util/pheap.c.obj
 *fill*         0x100014e2        0x2 
 .text.ph_clear
                0x100014e4       0x70 CMakeFiles/picoPioUartRx.dir/C_/Users/m3925/Documents/Pico/pico-sdk/src/common/pico_util/pheap.c.obj
                0x100014e4                ph_clear
 .text.ph_post_alloc_init
                0x10001554        0xe CMakeFiles/picoPioUartRx.dir/C_/Users/m3925/Documents/Pico/pico-sdk/src/common/pico_util/pheap.c.obj
                0x10001554                ph_post_alloc_init
 *fill*         0x10001562        0x2 
 .text.ph_merge_two_pass
                0x10001564       0xa8 CMakeFiles/picoPioUartRx.dir/C_/Users/m3925/Documents/Pico/pico-sdk/src/common/pico_util/pheap.c.obj
                0x10001564                ph_merge_two_pass
 .text.ph_remove_any_head
                0x1000160c      0x108 CMakeFiles/picoPioUartRx.dir/C_/Users/m3925/Documents/Pico/pico-sdk/src/common/pico_util/pheap.c.obj
 .text.ph_remove_head
                0x10001714       0x14 CMakeFiles/picoPioUartRx.dir/C_/Users/m3925/Documents/Pico/pico-sdk/src/common/pico_util/pheap.c.obj
                0x10001714                ph_remove_head
 .text.ph_remove_and_free_node
                0x10001728       0xf8 CMakeFiles/picoPioUartRx.dir/C_/Users/m3925/Documents/Pico/pico-sdk/src/common/pico_util/pheap.c.obj
                0x10001728                ph_remove_and_free_node
 .text.mutex_init
                0x10001820       0x1a CMakeFiles/picoPioUartRx.dir/C_/Users/m3925/Documents/Pico/pico-sdk/src/common/pico_sync/mutex.c.obj
                0x10001820                mutex_init
 .text.recursive_mutex_init
                0x1000183a       0x1e CMakeFiles/picoPioUartRx.dir/C_/Users/m3925/Documents/Pico/pico-sdk/src/common/pico_sync/mutex.c.obj
                0x1000183a                recursive_mutex_init
 .text._exit    0x10001858        0x4 CMakeFiles/picoPioUartRx.dir/C_/Users/m3925/Documents/Pico/pico-sdk/src/rp2_common/pico_runtime/runtime.c.obj
                0x10001858                _exit
 .text.exit     0x1000185c        0x6 CMakeFiles/picoPioUartRx.dir/C_/Users/m3925/Documents/Pico/pico-sdk/src/rp2_common/pico_runtime/runtime.c.obj
                0x1000185c                exit
 *fill*         0x10001862        0x2 
 .text.__assert_func
                0x10001864       0x3c CMakeFiles/picoPioUartRx.dir/C_/Users/m3925/Documents/Pico/pico-sdk/src/rp2_common/pico_runtime/runtime.c.obj
                0x10001864                __assert_func
 .text.runtime_init
                0x100018a0       0xf8 CMakeFiles/picoPioUartRx.dir/C_/Users/m3925/Documents/Pico/pico-sdk/src/rp2_common/pico_runtime/runtime.c.obj
                0x100018a0                runtime_init
 .text.panic    0x10001998       0x30 CMakeFiles/picoPioUartRx.dir/C_/Users/m3925/Documents/Pico/pico-sdk/src/rp2_common/pico_runtime/runtime.c.obj
                0x10001998                panic
 .text.clock_configure
                0x100019c8      0x104 CMakeFiles/picoPioUartRx.dir/C_/Users/m3925/Documents/Pico/pico-sdk/src/rp2_common/hardware_clocks/clocks.c.obj
                0x100019c8                clock_configure
 .text.clocks_init
                0x10001acc      0x100 CMakeFiles/picoPioUartRx.dir/C_/Users/m3925/Documents/Pico/pico-sdk/src/rp2_common/hardware_clocks/clocks.c.obj
                0x10001acc                clocks_init
 .text.clock_get_hz
                0x10001bcc        0xc CMakeFiles/picoPioUartRx.dir/C_/Users/m3925/Documents/Pico/pico-sdk/src/rp2_common/hardware_clocks/clocks.c.obj
                0x10001bcc                clock_get_hz
 .text.pll_init
                0x10001bd8      0x140 CMakeFiles/picoPioUartRx.dir/C_/Users/m3925/Documents/Pico/pico-sdk/src/rp2_common/hardware_pll/pll.c.obj
                0x10001bd8                pll_init
 .text.watchdog_start_tick
                0x10001d18       0x10 CMakeFiles/picoPioUartRx.dir/C_/Users/m3925/Documents/Pico/pico-sdk/src/rp2_common/hardware_watchdog/watchdog.c.obj
                0x10001d18                watchdog_start_tick
 .text.xosc_init
                0x10001d28       0x28 CMakeFiles/picoPioUartRx.dir/C_/Users/m3925/Documents/Pico/pico-sdk/src/rp2_common/hardware_xosc/xosc.c.obj
                0x10001d28                xosc_init
 .text._out_null
                0x10001d50        0x2 CMakeFiles/picoPioUartRx.dir/C_/Users/m3925/Documents/Pico/pico-sdk/src/rp2_common/pico_printf/printf.c.obj
 .text._out_fct
                0x10001d52        0xe CMakeFiles/picoPioUartRx.dir/C_/Users/m3925/Documents/Pico/pico-sdk/src/rp2_common/pico_printf/printf.c.obj
 .text._atoi    0x10001d60       0x24 CMakeFiles/picoPioUartRx.dir/C_/Users/m3925/Documents/Pico/pico-sdk/src/rp2_common/pico_printf/printf.c.obj
 .text._out_rev
                0x10001d84       0xae CMakeFiles/picoPioUartRx.dir/C_/Users/m3925/Documents/Pico/pico-sdk/src/rp2_common/pico_printf/printf.c.obj
 .text._ntoa_format
                0x10001e32      0x112 CMakeFiles/picoPioUartRx.dir/C_/Users/m3925/Documents/Pico/pico-sdk/src/rp2_common/pico_printf/printf.c.obj
 .text._ntoa_long
                0x10001f44       0xbc CMakeFiles/picoPioUartRx.dir/C_/Users/m3925/Documents/Pico/pico-sdk/src/rp2_common/pico_printf/printf.c.obj
 .text._ntoa_long_long
                0x10002000       0xe2 CMakeFiles/picoPioUartRx.dir/C_/Users/m3925/Documents/Pico/pico-sdk/src/rp2_common/pico_printf/printf.c.obj
 *fill*         0x100020e2        0x2 
 .text._etoa    0x100020e4      0x414 CMakeFiles/picoPioUartRx.dir/C_/Users/m3925/Documents/Pico/pico-sdk/src/rp2_common/pico_printf/printf.c.obj
 .text._ftoa    0x100024f8      0x354 CMakeFiles/picoPioUartRx.dir/C_/Users/m3925/Documents/Pico/pico-sdk/src/rp2_common/pico_printf/printf.c.obj
 .text._vsnprintf
                0x1000284c      0x624 CMakeFiles/picoPioUartRx.dir/C_/Users/m3925/Documents/Pico/pico-sdk/src/rp2_common/pico_printf/printf.c.obj
 .text.vfctprintf
                0x10002e70       0x20 CMakeFiles/picoPioUartRx.dir/C_/Users/m3925/Documents/Pico/pico-sdk/src/rp2_common/pico_printf/printf.c.obj
                0x10002e70                vfctprintf
 .text          0x10002e90       0x10 CMakeFiles/picoPioUartRx.dir/C_/Users/m3925/Documents/Pico/pico-sdk/src/rp2_common/pico_bit_ops/bit_ops_aeabi.S.obj
 .text.ctzsi    0x10002ea0        0xc CMakeFiles/picoPioUartRx.dir/C_/Users/m3925/Documents/Pico/pico-sdk/src/rp2_common/pico_bit_ops/bit_ops_aeabi.S.obj
                0x10002ea0                __wrap___ctzsi2
 .text.rom_func_lookup
                0x10002eac       0x10 CMakeFiles/picoPioUartRx.dir/C_/Users/m3925/Documents/Pico/pico-sdk/src/rp2_common/pico_bootrom/bootrom.c.obj
                0x10002eac                rom_func_lookup
 .text.rom_data_lookup
                0x10002ebc       0x10 CMakeFiles/picoPioUartRx.dir/C_/Users/m3925/Documents/Pico/pico-sdk/src/rp2_common/pico_bootrom/bootrom.c.obj
                0x10002ebc                rom_data_lookup
 .text.rom_funcs_lookup
                0x10002ecc       0x36 CMakeFiles/picoPioUartRx.dir/C_/Users/m3925/Documents/Pico/pico-sdk/src/rp2_common/pico_bootrom/bootrom.c.obj
                0x10002ecc                rom_funcs_lookup
 *fill*         0x10002f02        0x2 
 .text.__wrap___aeabi_idiv
                0x10002f04       0x50 CMakeFiles/picoPioUartRx.dir/C_/Users/m3925/Documents/Pico/pico-sdk/src/rp2_common/pico_divider/divider.S.obj
                0x10002f04                __wrap___aeabi_idivmod
                0x10002f04                divmod_s32s32
                0x10002f04                div_s32s32
                0x10002f04                __wrap___aeabi_idiv
                0x10002f0c                divmod_s32s32_unsafe
                0x10002f38                divmod_s32s32_savestate
 .text.__wrap___aeabi_uidiv
                0x10002f54       0x4c CMakeFiles/picoPioUartRx.dir/C_/Users/m3925/Documents/Pico/pico-sdk/src/rp2_common/pico_divider/divider.S.obj
                0x10002f54                __wrap___aeabi_uidiv
                0x10002f54                __wrap___aeabi_uidivmod
                0x10002f54                div_u32u32
                0x10002f54                divmod_u32u32
                0x10002f5c                divmod_u32u32_unsafe
                0x10002f84                divmod_u32u32_savestate
 .text.__wrap___aeabi_ldiv
                0x10002fa0      0x434 CMakeFiles/picoPioUartRx.dir/C_/Users/m3925/Documents/Pico/pico-sdk/src/rp2_common/pico_divider/divider.S.obj
                0x10002fa0                div_s64s64
                0x10002fa0                divmod_s64s64
                0x10002fa0                __wrap___aeabi_ldivmod
                0x10002fd8                divmod_u64u64
                0x10002fd8                div_u64u64
                0x10002fd8                __wrap___aeabi_uldivmod
                0x10002fe8                divmod_u64u64_savestate
                0x10003010                divmod_s64s64_unsafe
                0x10003098                divmod_u64u64_unsafe
 .text.__wrap___aeabi_darithmetic
                0x100033d4       0x80 CMakeFiles/picoPioUartRx.dir/C_/Users/m3925/Documents/Pico/pico-sdk/src/rp2_common/pico_double/double_aeabi.S.obj
                0x100033d4                __wrap___aeabi_drsub
                0x100033da                __wrap___aeabi_dsub
                0x100033ec                __wrap___aeabi_dadd
                0x100033fe                __wrap___aeabi_ddiv
                0x1000343a                __wrap___aeabi_dmul
 .text.__wrap___aeabi_cdcmple
                0x10003454       0x6c CMakeFiles/picoPioUartRx.dir/C_/Users/m3925/Documents/Pico/pico-sdk/src/rp2_common/pico_double/double_aeabi.S.obj
                0x10003454                __wrap___aeabi_cdrcmple
                0x10003464                __wrap___aeabi_cdcmpeq
                0x10003464                __wrap___aeabi_cdcmple
 .text.__wrap___aeabi_dcmplt
                0x100034c0        0xc CMakeFiles/picoPioUartRx.dir/C_/Users/m3925/Documents/Pico/pico-sdk/src/rp2_common/pico_double/double_aeabi.S.obj
                0x100034c0                __wrap___aeabi_dcmplt
 .text.__wrap___aeabi_dcmple
                0x100034cc       0x10 CMakeFiles/picoPioUartRx.dir/C_/Users/m3925/Documents/Pico/pico-sdk/src/rp2_common/pico_double/double_aeabi.S.obj
                0x100034cc                __wrap___aeabi_dcmple
 .text.__wrap___aeabi_dcmpge
                0x100034dc       0x10 CMakeFiles/picoPioUartRx.dir/C_/Users/m3925/Documents/Pico/pico-sdk/src/rp2_common/pico_double/double_aeabi.S.obj
                0x100034dc                __wrap___aeabi_dcmpge
 .text.__wrap___aeabi_dcmpgt
                0x100034ec        0xa CMakeFiles/picoPioUartRx.dir/C_/Users/m3925/Documents/Pico/pico-sdk/src/rp2_common/pico_double/double_aeabi.S.obj
                0x100034ec                __wrap___aeabi_dcmpgt
 .text.__wrap___aeabi_dcmpun
                0x100034f6       0x1c CMakeFiles/picoPioUartRx.dir/C_/Users/m3925/Documents/Pico/pico-sdk/src/rp2_common/pico_double/double_aeabi.S.obj
                0x100034f6                __wrap___aeabi_dcmpun
 *fill*         0x10003512        0x2 
 .text.__wrap___aeabi_i2d
                0x10003514       0x38 CMakeFiles/picoPioUartRx.dir/C_/Users/m3925/Documents/Pico/pico-sdk/src/rp2_common/pico_double/double_aeabi.S.obj
                0x10003514                __wrap___aeabi_ui2d
                0x1000351c                __wrap___aeabi_i2d
 .text.__wrap___aeabi_d2iz
                0x1000354c       0x48 CMakeFiles/picoPioUartRx.dir/C_/Users/m3925/Documents/Pico/pico-sdk/src/rp2_common/pico_double/double_aeabi.S.obj
                0x1000354c                double2int_z
                0x1000354c                __wrap___aeabi_d2iz
 .text.__wrap___aeabi_d2uiz
                0x10003594       0x18 CMakeFiles/picoPioUartRx.dir/C_/Users/m3925/Documents/Pico/pico-sdk/src/rp2_common/pico_double/double_aeabi.S.obj
                0x10003594                __wrap___aeabi_d2uiz
                0x10003594                double2uint
 .text.__aeabi_double_init
                0x100035ac       0xc8 CMakeFiles/picoPioUartRx.dir/C_/Users/m3925/Documents/Pico/pico-sdk/src/rp2_common/pico_double/double_init_rom.c.obj
                0x100035ac                __aeabi_double_init
 .text.double_table_shim_on_use_helper
                0x10003674       0x34 CMakeFiles/picoPioUartRx.dir/C_/Users/m3925/Documents/Pico/pico-sdk/src/rp2_common/pico_double/double_v1_rom_shim.S.obj
                0x10003674                double_table_shim_on_use_helper
 .text.__wrap___aeabi_dsub
                0x100036a8       0x10 CMakeFiles/picoPioUartRx.dir/C_/Users/m3925/Documents/Pico/pico-sdk/src/rp2_common/pico_double/double_v1_rom_shim.S.obj
                0x100036a8                drsub_shim
                0x100036ae                dsub_shim
 .text.dadd_shim
                0x100036b8      0x15c CMakeFiles/picoPioUartRx.dir/C_/Users/m3925/Documents/Pico/pico-sdk/src/rp2_common/pico_double/double_v1_rom_shim.S.obj
                0x100036b8                dadd_shim
 .text.dmul_shim
                0x10003814      0x15c CMakeFiles/picoPioUartRx.dir/C_/Users/m3925/Documents/Pico/pico-sdk/src/rp2_common/pico_double/double_v1_rom_shim.S.obj
                0x10003814                dmul_shim
 .text.ddiv_shim
                0x10003970      0x1b0 CMakeFiles/picoPioUartRx.dir/C_/Users/m3925/Documents/Pico/pico-sdk/src/rp2_common/pico_double/double_v1_rom_shim.S.obj
                0x10003970                ddiv_shim
 .text.double2uint_shim
                0x10003b20        0xe CMakeFiles/picoPioUartRx.dir/C_/Users/m3925/Documents/Pico/pico-sdk/src/rp2_common/pico_double/double_v1_rom_shim.S.obj
                0x10003b20                double2uint_shim
                0x10003b22                double2ufix_shim
 *fill*         0x10003b2e        0x2 
 .text.double2uint64_shim
                0x10003b30       0x70 CMakeFiles/picoPioUartRx.dir/C_/Users/m3925/Documents/Pico/pico-sdk/src/rp2_common/pico_double/double_v1_rom_shim.S.obj
                0x10003b30                double2uint64_shim
                0x10003b32                double2ufix64_shim
                0x10003b52                d2fix_a
 .text.dunpacks
                0x10003ba0       0x3c CMakeFiles/picoPioUartRx.dir/C_/Users/m3925/Documents/Pico/pico-sdk/src/rp2_common/pico_double/double_v1_rom_shim.S.obj
                0x10003ba0                dunpacks
 .text.__wrap___aeabi_farithmetic
                0x10003bdc       0x58 CMakeFiles/picoPioUartRx.dir/C_/Users/m3925/Documents/Pico/pico-sdk/src/rp2_common/pico_float/float_aeabi.S.obj
                0x10003bdc                __wrap___aeabi_frsub
                0x10003be2                __wrap___aeabi_fsub
                0x10003bec                __wrap___aeabi_fadd
                0x10003bf6                __wrap___aeabi_fdiv
                0x10003c22                __wrap___aeabi_fmul
 .text.__wrap___aeabi_ui2f
                0x10003c34        0xa CMakeFiles/picoPioUartRx.dir/C_/Users/m3925/Documents/Pico/pico-sdk/src/rp2_common/pico_float/float_aeabi.S.obj
                0x10003c34                __wrap___aeabi_ui2f
 *fill*         0x10003c3e        0x2 
 .text.__wrap___aeabi_i2f
                0x10003c40       0x44 CMakeFiles/picoPioUartRx.dir/C_/Users/m3925/Documents/Pico/pico-sdk/src/rp2_common/pico_float/float_aeabi.S.obj
                0x10003c40                __wrap___aeabi_i2f
 .text.__wrap___aeabi_f2uiz
                0x10003c84       0x10 CMakeFiles/picoPioUartRx.dir/C_/Users/m3925/Documents/Pico/pico-sdk/src/rp2_common/pico_float/float_aeabi.S.obj
                0x10003c84                __wrap___aeabi_f2uiz
 .text.__aeabi_float_init
                0x10003c94       0xfc CMakeFiles/picoPioUartRx.dir/C_/Users/m3925/Documents/Pico/pico-sdk/src/rp2_common/pico_float/float_init_rom.c.obj
                0x10003c94                __aeabi_float_init
 .text.float_table_shim_on_use_helper
                0x10003d90       0x34 CMakeFiles/picoPioUartRx.dir/C_/Users/m3925/Documents/Pico/pico-sdk/src/rp2_common/pico_float/float_v1_rom_shim.S.obj
                0x10003d90                float_table_shim_on_use_helper
 .text          0x10003dc4       0x10 CMakeFiles/picoPioUartRx.dir/C_/Users/m3925/Documents/Pico/pico-sdk/src/rp2_common/pico_mem_ops/mem_ops_aeabi.S.obj
                0x10003dc4                __aeabi_mem_init
 .text.memset   0x10003dd4        0xc CMakeFiles/picoPioUartRx.dir/C_/Users/m3925/Documents/Pico/pico-sdk/src/rp2_common/pico_mem_ops/mem_ops_aeabi.S.obj
                0x10003dd4                __wrap_memset
 .text.memcpy   0x10003de0        0xc CMakeFiles/picoPioUartRx.dir/C_/Users/m3925/Documents/Pico/pico-sdk/src/rp2_common/pico_mem_ops/mem_ops_aeabi.S.obj
                0x10003de0                __wrap_memcpy
                0x10003de0                __wrap___aeabi_memcpy
 .text.stdio_out_chars_no_crlf
                0x10003dec        0xe CMakeFiles/picoPioUartRx.dir/C_/Users/m3925/Documents/Pico/pico-sdk/src/rp2_common/pico_stdio/stdio.c.obj
 *fill*         0x10003dfa        0x2 
 .text.stdio_out_chars_crlf
                0x10003dfc       0x80 CMakeFiles/picoPioUartRx.dir/C_/Users/m3925/Documents/Pico/pico-sdk/src/rp2_common/pico_stdio/stdio.c.obj
 .text.stdio_stack_buffer_flush
                0x10003e7c       0x44 CMakeFiles/picoPioUartRx.dir/C_/Users/m3925/Documents/Pico/pico-sdk/src/rp2_common/pico_stdio/stdio.c.obj
 .text.stdio_buffered_printer
                0x10003ec0       0x20 CMakeFiles/picoPioUartRx.dir/C_/Users/m3925/Documents/Pico/pico-sdk/src/rp2_common/pico_stdio/stdio.c.obj
 .text.stdout_serialize_begin
                0x10003ee0       0x30 CMakeFiles/picoPioUartRx.dir/C_/Users/m3925/Documents/Pico/pico-sdk/src/rp2_common/pico_stdio/stdio.c.obj
                0x10003ee0                stdout_serialize_begin
 .text.stdout_serialize_end
                0x10003f10       0x10 CMakeFiles/picoPioUartRx.dir/C_/Users/m3925/Documents/Pico/pico-sdk/src/rp2_common/pico_stdio/stdio.c.obj
                0x10003f10                stdout_serialize_end
 .text.stdio_put_string
                0x10003f20       0x98 CMakeFiles/picoPioUartRx.dir/C_/Users/m3925/Documents/Pico/pico-sdk/src/rp2_common/pico_stdio/stdio.c.obj
 .text.stdio_flush
                0x10003fb8       0x20 CMakeFiles/picoPioUartRx.dir/C_/Users/m3925/Documents/Pico/pico-sdk/src/rp2_common/pico_stdio/stdio.c.obj
                0x10003fb8                stdio_flush
 .text.__wrap_puts
                0x10003fd8       0x1e CMakeFiles/picoPioUartRx.dir/C_/Users/m3925/Documents/Pico/pico-sdk/src/rp2_common/pico_stdio/stdio.c.obj
                0x10003fd8                __wrap_puts
 *fill*         0x10003ff6        0x2 
 .text.__wrap_vprintf
                0x10003ff8       0x44 CMakeFiles/picoPioUartRx.dir/C_/Users/m3925/Documents/Pico/pico-sdk/src/rp2_common/pico_stdio/stdio.c.obj
                0x10003ff8                __wrap_vprintf
 .text.__wrap_printf
                0x1000403c       0x18 CMakeFiles/picoPioUartRx.dir/C_/Users/m3925/Documents/Pico/pico-sdk/src/rp2_common/pico_stdio/stdio.c.obj
                0x1000403c                __wrap_printf
 .text._pio_can_add_program_at_offset
                0x10004054       0x3c CMakeFiles/picoPioUartRx.dir/C_/Users/m3925/Documents/Pico/pico-sdk/src/rp2_common/hardware_pio/pio.c.obj
 .text._pio_find_offset_for_program
                0x10004090       0x7c CMakeFiles/picoPioUartRx.dir/C_/Users/m3925/Documents/Pico/pico-sdk/src/rp2_common/hardware_pio/pio.c.obj
 .text._pio_add_program_at_offset
                0x1000410c       0x78 CMakeFiles/picoPioUartRx.dir/C_/Users/m3925/Documents/Pico/pico-sdk/src/rp2_common/hardware_pio/pio.c.obj
 .text.pio_add_program
                0x10004184       0x38 CMakeFiles/picoPioUartRx.dir/C_/Users/m3925/Documents/Pico/pico-sdk/src/rp2_common/hardware_pio/pio.c.obj
                0x10004184                pio_add_program
 .text.pio_sm_set_pins_with_mask
                0x100041bc       0x6c CMakeFiles/picoPioUartRx.dir/C_/Users/m3925/Documents/Pico/pico-sdk/src/rp2_common/hardware_pio/pio.c.obj
                0x100041bc                pio_sm_set_pins_with_mask
 .text.pio_sm_set_pindirs_with_mask
                0x10004228       0x70 CMakeFiles/picoPioUartRx.dir/C_/Users/m3925/Documents/Pico/pico-sdk/src/rp2_common/hardware_pio/pio.c.obj
                0x10004228                pio_sm_set_pindirs_with_mask
 .text.pio_sm_set_consecutive_pindirs
                0x10004298       0x70 CMakeFiles/picoPioUartRx.dir/C_/Users/m3925/Documents/Pico/pico-sdk/src/rp2_common/hardware_pio/pio.c.obj
                0x10004298                pio_sm_set_consecutive_pindirs
 .text.pio_sm_init
                0x10004308       0xe4 CMakeFiles/picoPioUartRx.dir/C_/Users/m3925/Documents/Pico/pico-sdk/src/rp2_common/hardware_pio/pio.c.obj
                0x10004308                pio_sm_init
 .text.strlen   0x100043ec       0x5c c:/progra~2/gnuarm~1/102021~1.10/bin/../lib/gcc/arm-none-eabi/10.3.1/../../../../arm-none-eabi/lib/thumb/v6-m/nofp\libg.a(lib_a-strlen-stub.o)
                0x100043ec                strlen
 *(.fini)
 .fini          0x10004448        0x4 c:/progra~2/gnuarm~1/102021~1.10/bin/../lib/gcc/arm-none-eabi/10.3.1/thumb/v6-m/nofp/crti.o
                0x10004448                _fini
 *fill*         0x1000444c        0x4 
 .fini.__stub   0x10004450       0x50 linker stubs
 *crtbegin.o(.ctors)
 *crtbegin?.o(.ctors)
 *(EXCLUDE_FILE(*crtend.o *crtend?.o) .ctors)
 *(SORT_BY_NAME(.ctors.*))
 *(.ctors)
 *crtbegin.o(.dtors)
 *crtbegin?.o(.dtors)
 *(EXCLUDE_FILE(*crtend.o *crtend?.o) .dtors)
 *(SORT_BY_NAME(.dtors.*))
 *(.dtors)
 *(.eh_frame*)
 .eh_frame      0x100044a0        0x0 c:/progra~2/gnuarm~1/102021~1.10/bin/../lib/gcc/arm-none-eabi/10.3.1/thumb/v6-m/nofp/crtbegin.o
                0x100044a0                . = ALIGN (0x4)

.glue_7         0x100044a0        0x0
 .glue_7        0x100044a0        0x0 linker stubs

.glue_7t        0x100044a0        0x0
 .glue_7t       0x100044a0        0x0 linker stubs

.vfp11_veneer   0x100044a0        0x0
 .vfp11_veneer  0x100044a0        0x0 linker stubs

.v4_bx          0x100044a0        0x0
 .v4_bx         0x100044a0        0x0 linker stubs

.iplt           0x100044a0        0x0
 .iplt          0x100044a0        0x0 c:/progra~2/gnuarm~1/102021~1.10/bin/../lib/gcc/arm-none-eabi/10.3.1/thumb/v6-m/nofp/crtbegin.o

.rodata         0x100044a0      0xf6c
 *(EXCLUDE_FILE(*libm.a: *libc.a:*lib_a-mem*.o *libgcc.a:) .rodata*)
 .rodata.picoPioUartRx_program
                0x100044a0        0x6 CMakeFiles/picoPioUartRx.dir/picoPioUartRx.c.obj
 *fill*         0x100044a6        0x2 
 .rodata.picoPioUartRx_program_instructions
                0x100044a8        0x8 CMakeFiles/picoPioUartRx.dir/picoPioUartRx.c.obj
 .rodata.picoPioUartTx_program
                0x100044b0        0x6 CMakeFiles/picoPioUartRx.dir/picoPioUartRx.c.obj
 *fill*         0x100044b6        0x2 
 .rodata.picoPioUartTx_program_instructions
                0x100044b8        0x8 CMakeFiles/picoPioUartRx.dir/picoPioUartRx.c.obj
 .rodata.make_branch.str1.4
                0x100044c0       0x79 CMakeFiles/picoPioUartRx.dir/C_/Users/m3925/Documents/Pico/pico-sdk/src/rp2_common/hardware_irq/irq.c.obj
 *fill*         0x10004539        0x3 
 .rodata.insert_branch_and_link.str1.4
                0x1000453c       0x10 CMakeFiles/picoPioUartRx.dir/C_/Users/m3925/Documents/Pico/pico-sdk/src/rp2_common/hardware_irq/irq.c.obj
 .rodata.irq_set_exclusive_handler.str1.4
                0x1000454c       0x36 CMakeFiles/picoPioUartRx.dir/C_/Users/m3925/Documents/Pico/pico-sdk/src/rp2_common/hardware_irq/irq.c.obj
 *fill*         0x10004582        0x2 
 .rodata.irq_add_shared_handler.str1.4
                0x10004584       0xd9 CMakeFiles/picoPioUartRx.dir/C_/Users/m3925/Documents/Pico/pico-sdk/src/rp2_common/hardware_irq/irq.c.obj
 *fill*         0x1000465d        0x3 
 .rodata.irq_remove_handler.str1.4
                0x10004660       0x2a CMakeFiles/picoPioUartRx.dir/C_/Users/m3925/Documents/Pico/pico-sdk/src/rp2_common/hardware_irq/irq.c.obj
 *fill*         0x1000468a        0x2 
 .rodata.irq_add_tail_to_free_list.str1.4
                0x1000468c       0x3a CMakeFiles/picoPioUartRx.dir/C_/Users/m3925/Documents/Pico/pico-sdk/src/rp2_common/hardware_irq/irq.c.obj
 *fill*         0x100046c6        0x2 
 .rodata.__func__.0
                0x100046c8       0x1a CMakeFiles/picoPioUartRx.dir/C_/Users/m3925/Documents/Pico/pico-sdk/src/rp2_common/hardware_irq/irq.c.obj
 *fill*         0x100046e2        0x2 
 .rodata.__func__.1
                0x100046e4       0x17 CMakeFiles/picoPioUartRx.dir/C_/Users/m3925/Documents/Pico/pico-sdk/src/rp2_common/hardware_irq/irq.c.obj
 *fill*         0x100046fb        0x1 
 .rodata.__func__.2
                0x100046fc       0x13 CMakeFiles/picoPioUartRx.dir/C_/Users/m3925/Documents/Pico/pico-sdk/src/rp2_common/hardware_irq/irq.c.obj
 *fill*         0x1000470f        0x1 
 .rodata.__func__.3
                0x10004710        0xc CMakeFiles/picoPioUartRx.dir/C_/Users/m3925/Documents/Pico/pico-sdk/src/rp2_common/hardware_irq/irq.c.obj
 .rodata.__func__.4
                0x1000471c        0xf CMakeFiles/picoPioUartRx.dir/C_/Users/m3925/Documents/Pico/pico-sdk/src/rp2_common/hardware_irq/irq.c.obj
 *fill*         0x1000472b        0x1 
 .rodata.__func__.6
                0x1000472c       0x1a CMakeFiles/picoPioUartRx.dir/C_/Users/m3925/Documents/Pico/pico-sdk/src/rp2_common/hardware_irq/irq.c.obj
 *fill*         0x10004746        0x2 
 .rodata.repeating_timer_callback.str1.4
                0x10004748       0x57 CMakeFiles/picoPioUartRx.dir/C_/Users/m3925/Documents/Pico/pico-sdk/src/common/pico_time/time.c.obj
 *fill*         0x1000479f        0x1 
 .rodata.alarm_pool_dump_key.str1.4
                0x100047a0       0x33 CMakeFiles/picoPioUartRx.dir/C_/Users/m3925/Documents/Pico/pico-sdk/src/common/pico_time/time.c.obj
 *fill*         0x100047d3        0x1 
 .rodata.ph_add_child_node.str1.4
                0x100047d4       0xa2 CMakeFiles/picoPioUartRx.dir/C_/Users/m3925/Documents/Pico/pico-sdk/src/common/pico_time/time.c.obj
 *fill*         0x10004876        0x2 
 .rodata.add_alarm_under_lock.str1.4
                0x10004878       0x28 CMakeFiles/picoPioUartRx.dir/C_/Users/m3925/Documents/Pico/pico-sdk/src/common/pico_time/time.c.obj
                                 0x2b (size before relaxing)
 .rodata.alarm_pool_alarm_callback.str1.4
                0x100048a0       0xf2 CMakeFiles/picoPioUartRx.dir/C_/Users/m3925/Documents/Pico/pico-sdk/src/common/pico_time/time.c.obj
 *fill*         0x10004992        0x2 
 .rodata.__func__.10
                0x10004994       0x15 CMakeFiles/picoPioUartRx.dir/C_/Users/m3925/Documents/Pico/pico-sdk/src/common/pico_time/time.c.obj
 *fill*         0x100049a9        0x3 
 .rodata.__func__.11
                0x100049ac       0x1a CMakeFiles/picoPioUartRx.dir/C_/Users/m3925/Documents/Pico/pico-sdk/src/common/pico_time/time.c.obj
 *fill*         0x100049c6        0x2 
 .rodata.__func__.12
                0x100049c8        0xa CMakeFiles/picoPioUartRx.dir/C_/Users/m3925/Documents/Pico/pico-sdk/src/common/pico_time/time.c.obj
 *fill*         0x100049d2        0x2 
 .rodata.__func__.4
                0x100049d4       0x12 CMakeFiles/picoPioUartRx.dir/C_/Users/m3925/Documents/Pico/pico-sdk/src/common/pico_time/time.c.obj
 *fill*         0x100049e6        0x2 
 .rodata.__func__.5
                0x100049e8        0xd CMakeFiles/picoPioUartRx.dir/C_/Users/m3925/Documents/Pico/pico-sdk/src/common/pico_time/time.c.obj
 *fill*         0x100049f5        0x3 
 .rodata.__func__.6
                0x100049f8       0x12 CMakeFiles/picoPioUartRx.dir/C_/Users/m3925/Documents/Pico/pico-sdk/src/common/pico_time/time.c.obj
 *fill*         0x10004a0a        0x2 
 .rodata.__func__.7
                0x10004a0c        0xf CMakeFiles/picoPioUartRx.dir/C_/Users/m3925/Documents/Pico/pico-sdk/src/common/pico_time/time.c.obj
 *fill*         0x10004a1b        0x1 
 .rodata.__func__.8
                0x10004a1c        0xc CMakeFiles/picoPioUartRx.dir/C_/Users/m3925/Documents/Pico/pico-sdk/src/common/pico_time/time.c.obj
 .rodata.__func__.9
                0x10004a28       0x15 CMakeFiles/picoPioUartRx.dir/C_/Users/m3925/Documents/Pico/pico-sdk/src/common/pico_time/time.c.obj
 *fill*         0x10004a3d        0x3 
 .rodata.hardware_alarm_claim.str1.4
                0x10004a40       0x22 CMakeFiles/picoPioUartRx.dir/C_/Users/m3925/Documents/Pico/pico-sdk/src/rp2_common/hardware_timer/timer.c.obj
 *fill*         0x10004a62        0x2 
 .rodata.hardware_alarm_set_target.str1.4
                0x10004a64       0x71 CMakeFiles/picoPioUartRx.dir/C_/Users/m3925/Documents/Pico/pico-sdk/src/rp2_common/hardware_timer/timer.c.obj
 *fill*         0x10004ad5        0x3 
 .rodata.__func__.0
                0x10004ad8       0x1a CMakeFiles/picoPioUartRx.dir/C_/Users/m3925/Documents/Pico/pico-sdk/src/rp2_common/hardware_timer/timer.c.obj
 .rodata.ph_add_child_node.str1.4
                0x10004af2       0xa2 CMakeFiles/picoPioUartRx.dir/C_/Users/m3925/Documents/Pico/pico-sdk/src/common/pico_util/pheap.c.obj
 *fill*         0x10004af2        0x2 
 .rodata.ph_remove_any_head.str1.4
                0x10004af4       0x98 CMakeFiles/picoPioUartRx.dir/C_/Users/m3925/Documents/Pico/pico-sdk/src/common/pico_util/pheap.c.obj
 .rodata.ph_remove_and_free_node.str1.4
                0x10004b8c       0x1e CMakeFiles/picoPioUartRx.dir/C_/Users/m3925/Documents/Pico/pico-sdk/src/common/pico_util/pheap.c.obj
                                 0x26 (size before relaxing)
 *fill*         0x10004baa        0x2 
 .rodata.__func__.0
                0x10004bac       0x18 CMakeFiles/picoPioUartRx.dir/C_/Users/m3925/Documents/Pico/pico-sdk/src/common/pico_util/pheap.c.obj
 .rodata.__func__.1
                0x10004bc4       0x13 CMakeFiles/picoPioUartRx.dir/C_/Users/m3925/Documents/Pico/pico-sdk/src/common/pico_util/pheap.c.obj
 *fill*         0x10004bd7        0x1 
 .rodata.__func__.2
                0x10004bd8       0x12 CMakeFiles/picoPioUartRx.dir/C_/Users/m3925/Documents/Pico/pico-sdk/src/common/pico_util/pheap.c.obj
 *fill*         0x10004bea        0x2 
 .rodata.__func__.3
                0x10004bec        0xc CMakeFiles/picoPioUartRx.dir/C_/Users/m3925/Documents/Pico/pico-sdk/src/common/pico_util/pheap.c.obj
 .rodata.str1.4
                0x10004bf8       0x95 CMakeFiles/picoPioUartRx.dir/C_/Users/m3925/Documents/Pico/pico-sdk/src/common/pico_sync/mutex.c.obj
                                0x105 (size before relaxing)
 *fill*         0x10004c8d        0x3 
 .rodata.__func__.1
                0x10004c90        0xb CMakeFiles/picoPioUartRx.dir/C_/Users/m3925/Documents/Pico/pico-sdk/src/common/pico_sync/mutex.c.obj
 *fill*         0x10004c9b        0x1 
 .rodata.__assert_func.str1.4
                0x10004c9c       0x3f CMakeFiles/picoPioUartRx.dir/C_/Users/m3925/Documents/Pico/pico-sdk/src/rp2_common/pico_runtime/runtime.c.obj
                                 0x43 (size before relaxing)
 *fill*         0x10004cdb        0x1 
 .rodata.runtime_init.str1.4
                0x10004cdc       0x6d CMakeFiles/picoPioUartRx.dir/C_/Users/m3925/Documents/Pico/pico-sdk/src/rp2_common/pico_runtime/runtime.c.obj
 *fill*         0x10004d49        0x3 
 .rodata.panic.str1.4
                0x10004d4c       0x12 CMakeFiles/picoPioUartRx.dir/C_/Users/m3925/Documents/Pico/pico-sdk/src/rp2_common/pico_runtime/runtime.c.obj
 *fill*         0x10004d5e        0x2 
 .rodata.__func__.1
                0x10004d60        0xd CMakeFiles/picoPioUartRx.dir/C_/Users/m3925/Documents/Pico/pico-sdk/src/rp2_common/pico_runtime/runtime.c.obj
 *fill*         0x10004d6d        0x3 
 .rodata.clock_configure.str1.4
                0x10004d70       0x63 CMakeFiles/picoPioUartRx.dir/C_/Users/m3925/Documents/Pico/pico-sdk/src/rp2_common/hardware_clocks/clocks.c.obj
 *fill*         0x10004dd3        0x1 
 .rodata.__func__.1
                0x10004dd4       0x10 CMakeFiles/picoPioUartRx.dir/C_/Users/m3925/Documents/Pico/pico-sdk/src/rp2_common/hardware_clocks/clocks.c.obj
 .rodata.pll_init.str1.4
                0x10004de4      0x147 CMakeFiles/picoPioUartRx.dir/C_/Users/m3925/Documents/Pico/pico-sdk/src/rp2_common/hardware_pll/pll.c.obj
 *fill*         0x10004f2b        0x1 
 .rodata.__func__.0
                0x10004f2c        0x9 CMakeFiles/picoPioUartRx.dir/C_/Users/m3925/Documents/Pico/pico-sdk/src/rp2_common/hardware_pll/pll.c.obj
 *fill*         0x10004f35        0x3 
 .rodata._ftoa.str1.4
                0x10004f38       0x15 CMakeFiles/picoPioUartRx.dir/C_/Users/m3925/Documents/Pico/pico-sdk/src/rp2_common/pico_printf/printf.c.obj
 *fill*         0x10004f4d        0x3 
 .rodata._vsnprintf
                0x10004f50      0x1e0 CMakeFiles/picoPioUartRx.dir/C_/Users/m3925/Documents/Pico/pico-sdk/src/rp2_common/pico_printf/printf.c.obj
 .rodata.pow10.0
                0x10005130       0x50 CMakeFiles/picoPioUartRx.dir/C_/Users/m3925/Documents/Pico/pico-sdk/src/rp2_common/pico_printf/printf.c.obj
 .rodata.__aeabi_double_init.str1.4
                0x10005180       0xb4 CMakeFiles/picoPioUartRx.dir/C_/Users/m3925/Documents/Pico/pico-sdk/src/rp2_common/pico_double/double_init_rom.c.obj
 .rodata.__func__.0
                0x10005234       0x14 CMakeFiles/picoPioUartRx.dir/C_/Users/m3925/Documents/Pico/pico-sdk/src/rp2_common/pico_double/double_init_rom.c.obj
 .rodata.__aeabi_float_init.str1.4
                0x10005248       0x86 CMakeFiles/picoPioUartRx.dir/C_/Users/m3925/Documents/Pico/pico-sdk/src/rp2_common/pico_float/float_init_rom.c.obj
                                 0x8a (size before relaxing)
 *fill*         0x100052ce        0x2 
 .rodata.__func__.0
                0x100052d0       0x13 CMakeFiles/picoPioUartRx.dir/C_/Users/m3925/Documents/Pico/pico-sdk/src/rp2_common/pico_float/float_init_rom.c.obj
 *fill*         0x100052e3        0x1 
 .rodata.str1.4
                0x100052e4       0x48 CMakeFiles/picoPioUartRx.dir/C_/Users/m3925/Documents/Pico/pico-sdk/src/rp2_common/pico_standard_link/binary_info.c.obj
 .rodata.__bi_44
                0x1000532c        0xc CMakeFiles/picoPioUartRx.dir/C_/Users/m3925/Documents/Pico/pico-sdk/src/rp2_common/pico_standard_link/binary_info.c.obj
 .rodata.__bi_56
                0x10005338        0xc CMakeFiles/picoPioUartRx.dir/C_/Users/m3925/Documents/Pico/pico-sdk/src/rp2_common/pico_standard_link/binary_info.c.obj
 .rodata.__bi_75
                0x10005344        0xc CMakeFiles/picoPioUartRx.dir/C_/Users/m3925/Documents/Pico/pico-sdk/src/rp2_common/pico_standard_link/binary_info.c.obj
 .rodata.__bi_81
                0x10005350        0xc CMakeFiles/picoPioUartRx.dir/C_/Users/m3925/Documents/Pico/pico-sdk/src/rp2_common/pico_standard_link/binary_info.c.obj
 .rodata.crlf_str.3
                0x1000535c        0x2 CMakeFiles/picoPioUartRx.dir/C_/Users/m3925/Documents/Pico/pico-sdk/src/rp2_common/pico_stdio/stdio.c.obj
 *fill*         0x1000535e        0x2 
 .rodata._pio_find_offset_for_program.str1.4
                0x10005360       0x75 CMakeFiles/picoPioUartRx.dir/C_/Users/m3925/Documents/Pico/pico-sdk/src/rp2_common/hardware_pio/pio.c.obj
 *fill*         0x100053d5        0x3 
 .rodata._pio_add_program_at_offset.str1.4
                0x100053d8       0x11 CMakeFiles/picoPioUartRx.dir/C_/Users/m3925/Documents/Pico/pico-sdk/src/rp2_common/hardware_pio/pio.c.obj
 *fill*         0x100053e9        0x3 
 .rodata.__func__.1
                0x100053ec       0x1d CMakeFiles/picoPioUartRx.dir/C_/Users/m3925/Documents/Pico/pico-sdk/src/rp2_common/hardware_pio/pio.c.obj
                0x1000540c                . = ALIGN (0x4)
 *fill*         0x10005409        0x3 
 *(SORT_BY_ALIGNMENT(SORT_BY_NAME(.flashdata*)))
                0x1000540c                . = ALIGN (0x4)

.rel.dyn        0x1000540c        0x0
 .rel.iplt      0x1000540c        0x0 c:/progra~2/gnuarm~1/102021~1.10/bin/../lib/gcc/arm-none-eabi/10.3.1/thumb/v6-m/nofp/crtbegin.o

.ARM.extab
 *(.ARM.extab* .gnu.linkonce.armextab.*)
                0x1000540c                __exidx_start = .

.ARM.exidx
 *(.ARM.exidx* .gnu.linkonce.armexidx.*)
                0x1000540c                __exidx_end = .
                0x1000540c                . = ALIGN (0x4)
                0x1000540c                __binary_info_start = .

.binary_info    0x1000540c       0x20
 *(.binary_info.keep.*)
 .binary_info.keep.__bi_ptr22
                0x1000540c        0x4 CMakeFiles/picoPioUartRx.dir/C_/Users/m3925/Documents/Pico/pico-sdk/src/rp2_common/pico_standard_link/binary_info.c.obj
 .binary_info.keep.__bi_ptr30
                0x10005410        0x4 CMakeFiles/picoPioUartRx.dir/C_/Users/m3925/Documents/Pico/pico-sdk/src/rp2_common/pico_standard_link/binary_info.c.obj
 .binary_info.keep.__bi_ptr38
                0x10005414        0x4 CMakeFiles/picoPioUartRx.dir/C_/Users/m3925/Documents/Pico/pico-sdk/src/rp2_common/pico_standard_link/binary_info.c.obj
 .binary_info.keep.__bi_ptr44
                0x10005418        0x4 CMakeFiles/picoPioUartRx.dir/C_/Users/m3925/Documents/Pico/pico-sdk/src/rp2_common/pico_standard_link/binary_info.c.obj
 .binary_info.keep.__bi_ptr50
                0x1000541c        0x4 CMakeFiles/picoPioUartRx.dir/C_/Users/m3925/Documents/Pico/pico-sdk/src/rp2_common/pico_standard_link/binary_info.c.obj
 .binary_info.keep.__bi_ptr56
                0x10005420        0x4 CMakeFiles/picoPioUartRx.dir/C_/Users/m3925/Documents/Pico/pico-sdk/src/rp2_common/pico_standard_link/binary_info.c.obj
 .binary_info.keep.__bi_ptr75
                0x10005424        0x4 CMakeFiles/picoPioUartRx.dir/C_/Users/m3925/Documents/Pico/pico-sdk/src/rp2_common/pico_standard_link/binary_info.c.obj
 .binary_info.keep.__bi_ptr81
                0x10005428        0x4 CMakeFiles/picoPioUartRx.dir/C_/Users/m3925/Documents/Pico/pico-sdk/src/rp2_common/pico_standard_link/binary_info.c.obj
 *(.binary_info.*)
                0x1000542c                __binary_info_end = .
                0x1000542c                . = ALIGN (0x4)
                0x1000542c                __etext = .

.ram_vector_table
                0x20000000       0xc0
 *(.ram_vector_table)
 .ram_vector_table
                0x20000000       0xc0 CMakeFiles/picoPioUartRx.dir/C_/Users/m3925/Documents/Pico/pico-sdk/src/rp2_common/pico_runtime/runtime.c.obj
                0x20000000                ram_vector_table

.data           0x200000c0      0x1ac load address 0x1000542c
                0x200000c0                __data_start__ = .
 *(vtable)
 *(.time_critical*)
 .time_critical.mutex_enter_blocking
                0x200000c0       0x48 CMakeFiles/picoPioUartRx.dir/C_/Users/m3925/Documents/Pico/pico-sdk/src/common/pico_sync/mutex.c.obj
                0x200000c0                mutex_enter_blocking
 .time_critical.mutex_try_enter
                0x20000108       0x46 CMakeFiles/picoPioUartRx.dir/C_/Users/m3925/Documents/Pico/pico-sdk/src/common/pico_sync/mutex.c.obj
                0x20000108                mutex_try_enter
 *fill*         0x2000014e        0x2 
 .time_critical.mutex_exit
                0x20000150       0x4c CMakeFiles/picoPioUartRx.dir/C_/Users/m3925/Documents/Pico/pico-sdk/src/common/pico_sync/mutex.c.obj
                0x20000150                mutex_exit
 *(.text*)
 .text          0x2000019c        0x4 c:/progra~2/gnuarm~1/102021~1.10/bin/../lib/gcc/arm-none-eabi/10.3.1/thumb/v6-m/nofp\libgcc.a(_dvmd_tls.o)
                0x2000019c                __aeabi_idiv0
                0x2000019c                __aeabi_ldiv0
 .text.__stub   0x200001a0       0x10 linker stubs
                0x200001b0                . = ALIGN (0x4)
 *(.rodata*)
                0x200001b0                . = ALIGN (0x4)
 *(.data*)
 .data.striped_spin_lock_num
                0x200001b0        0x1 CMakeFiles/picoPioUartRx.dir/C_/Users/m3925/Documents/Pico/pico-sdk/src/rp2_common/hardware_sync/sync.c.obj
 *fill*         0x200001b1        0x3 
 .data          0x200001b4       0x48 CMakeFiles/picoPioUartRx.dir/C_/Users/m3925/Documents/Pico/pico-sdk/src/rp2_common/hardware_irq/irq_handler_chain.S.obj
                0x200001b4                irq_handler_chain_slots
                0x200001e4                irq_handler_chain_first_slot
                0x200001ee                irq_handler_chain_remove_tail
 .data.default_alarm_pool
                0x200001fc       0x18 CMakeFiles/picoPioUartRx.dir/C_/Users/m3925/Documents/Pico/pico-sdk/src/common/pico_time/time.c.obj
 .data.default_alarm_pool_heap
                0x20000214       0x10 CMakeFiles/picoPioUartRx.dir/C_/Users/m3925/Documents/Pico/pico-sdk/src/common/pico_time/time.c.obj
 *fill*         0x20000224        0xc 
 .data.aeabi_bits_funcs
                0x20000230       0x10 CMakeFiles/picoPioUartRx.dir/C_/Users/m3925/Documents/Pico/pico-sdk/src/rp2_common/pico_bit_ops/bit_ops_aeabi.S.obj
                0x20000230                aeabi_bits_funcs
                0x20000240                aeabi_bits_funcs_end
 .data.aeabi_mem_funcs
                0x20000240       0x10 CMakeFiles/picoPioUartRx.dir/C_/Users/m3925/Documents/Pico/pico-sdk/src/rp2_common/pico_mem_ops/mem_ops_aeabi.S.obj
                0x20000240                aeabi_mem_funcs
                0x20000250                aeabi_mem_funcs_end
                0x20000250                . = ALIGN (0x4)
 *(.after_data.*)
                0x20000250                . = ALIGN (0x4)
                0x20000250                PROVIDE (__mutex_array_start = .)
 *(SORT_BY_NAME(.mutex_array.*))
 *(.mutex_array)
 .mutex_array   0x20000250        0x8 CMakeFiles/picoPioUartRx.dir/C_/Users/m3925/Documents/Pico/pico-sdk/src/rp2_common/pico_stdio/stdio.c.obj
                0x20000258                PROVIDE (__mutex_array_end = .)
                0x20000258                . = ALIGN (0x4)
                0x20000258                PROVIDE (__preinit_array_start = .)
 *(SORT_BY_NAME(.preinit_array.*))
 .preinit_array.00001
                0x20000258        0x4 CMakeFiles/picoPioUartRx.dir/C_/Users/m3925/Documents/Pico/pico-sdk/src/rp2_common/pico_mem_ops/mem_ops_aeabi.S.obj
 .preinit_array.00010
                0x2000025c        0x4 CMakeFiles/picoPioUartRx.dir/C_/Users/m3925/Documents/Pico/pico-sdk/src/rp2_common/pico_bit_ops/bit_ops_aeabi.S.obj
 .preinit_array.00020
                0x20000260        0x4 CMakeFiles/picoPioUartRx.dir/C_/Users/m3925/Documents/Pico/pico-sdk/src/rp2_common/pico_double/double_aeabi.S.obj
 .preinit_array.00020
                0x20000264        0x4 CMakeFiles/picoPioUartRx.dir/C_/Users/m3925/Documents/Pico/pico-sdk/src/rp2_common/pico_float/float_aeabi.S.obj
 *(.preinit_array)
                0x20000268                PROVIDE (__preinit_array_end = .)
                0x20000268                . = ALIGN (0x4)
                0x20000268                PROVIDE (__init_array_start = .)
 *(SORT_BY_NAME(.init_array.*))
 *(.init_array)
 .init_array    0x20000268        0x4 c:/progra~2/gnuarm~1/102021~1.10/bin/../lib/gcc/arm-none-eabi/10.3.1/thumb/v6-m/nofp/crtbegin.o
                0x2000026c                PROVIDE (__init_array_end = .)
                0x2000026c                . = ALIGN (0x4)
                [!provide]                PROVIDE (__fini_array_start = .)
 *(SORT_BY_NAME(.fini_array.*))
 *(.fini_array)
                [!provide]                PROVIDE (__fini_array_end = .)
 *(.jcr)
                0x2000026c                . = ALIGN (0x4)
                0x2000026c                __data_end__ = .

.igot.plt       0x2000026c        0x0 load address 0x100055d8
 .igot.plt      0x2000026c        0x0 c:/progra~2/gnuarm~1/102021~1.10/bin/../lib/gcc/arm-none-eabi/10.3.1/thumb/v6-m/nofp/crtbegin.o

.uninitialized_data
                0x2000026c        0x0 load address 0x100055d8
                0x2000026c                . = ALIGN (0x4)
 *(.uninitialized_data*)

.scratch_x      0x20040000        0x0 load address 0x100055d8
                0x20040000                __scratch_x_start__ = .
 *(.scratch_x.*)
                0x20040000                . = ALIGN (0x4)
                0x20040000                __scratch_x_end__ = .
                0x100055d8                __scratch_x_source__ = LOADADDR (.scratch_x)

.scratch_y      0x20041000        0x0 load address 0x100055d8
                0x20041000                __scratch_y_start__ = .
 *(.scratch_y.*)
                0x20041000                . = ALIGN (0x4)
                0x20041000                __scratch_y_end__ = .
                0x100055d8                __scratch_y_source__ = LOADADDR (.scratch_y)

.bss            0x20000270      0x3d0
                0x20000270                . = ALIGN (0x4)
                0x20000270                __bss_start__ = .
 *(SORT_BY_ALIGNMENT(SORT_BY_NAME(.bss*)))
 .bss.default_alarm_pool_entries
                0x20000270      0x100 CMakeFiles/picoPioUartRx.dir/C_/Users/m3925/Documents/Pico/pico-sdk/src/common/pico_time/time.c.obj
 .bss           0x20000370       0x1c c:/progra~2/gnuarm~1/102021~1.10/bin/../lib/gcc/arm-none-eabi/10.3.1/thumb/v6-m/nofp/crtbegin.o
 .bss._used_instruction_space
                0x2000038c        0x8 CMakeFiles/picoPioUartRx.dir/C_/Users/m3925/Documents/Pico/pico-sdk/src/rp2_common/hardware_pio/pio.c.obj
 .bss.alarm_callbacks
                0x20000394       0x10 CMakeFiles/picoPioUartRx.dir/C_/Users/m3925/Documents/Pico/pico-sdk/src/rp2_common/hardware_timer/timer.c.obj
 .bss.configured_freq
                0x200003a4       0x28 CMakeFiles/picoPioUartRx.dir/C_/Users/m3925/Documents/Pico/pico-sdk/src/rp2_common/hardware_clocks/clocks.c.obj
 .bss.default_alarm_pool_entry_ids_high
                0x200003cc       0x10 CMakeFiles/picoPioUartRx.dir/C_/Users/m3925/Documents/Pico/pico-sdk/src/common/pico_time/time.c.obj
 .bss.default_alarm_pool_heap_nodes
                0x200003dc       0x30 CMakeFiles/picoPioUartRx.dir/C_/Users/m3925/Documents/Pico/pico-sdk/src/common/pico_time/time.c.obj
 .bss.drivers   0x2000040c        0x4 CMakeFiles/picoPioUartRx.dir/C_/Users/m3925/Documents/Pico/pico-sdk/src/rp2_common/pico_stdio/stdio.c.obj
 .bss.filter    0x20000410        0x4 CMakeFiles/picoPioUartRx.dir/C_/Users/m3925/Documents/Pico/pico-sdk/src/rp2_common/pico_stdio/stdio.c.obj
 .bss.pools     0x20000414       0x10 CMakeFiles/picoPioUartRx.dir/C_/Users/m3925/Documents/Pico/pico-sdk/src/common/pico_time/time.c.obj
 .bss.sd_table  0x20000424      0x100 CMakeFiles/picoPioUartRx.dir/C_/Users/m3925/Documents/Pico/pico-sdk/src/rp2_common/pico_double/double_init_rom.c.obj
                0x20000424                sd_table
 .bss.sf_clz_func
                0x20000524        0x4 CMakeFiles/picoPioUartRx.dir/C_/Users/m3925/Documents/Pico/pico-sdk/src/rp2_common/pico_double/double_init_rom.c.obj
                0x20000524                sf_clz_func
 .bss.sf_table  0x20000528      0x100 CMakeFiles/picoPioUartRx.dir/C_/Users/m3925/Documents/Pico/pico-sdk/src/rp2_common/pico_float/float_init_rom.c.obj
                0x20000528                sf_table
 .bss.sleep_notifier
                0x20000628        0x4 CMakeFiles/picoPioUartRx.dir/C_/Users/m3925/Documents/Pico/pico-sdk/src/common/pico_time/time.c.obj
 .bss.target_hi
                0x2000062c       0x10 CMakeFiles/picoPioUartRx.dir/C_/Users/m3925/Documents/Pico/pico-sdk/src/rp2_common/hardware_timer/timer.c.obj
 .bss.claimed   0x2000063c        0x1 CMakeFiles/picoPioUartRx.dir/C_/Users/m3925/Documents/Pico/pico-sdk/src/rp2_common/hardware_timer/timer.c.obj
 .bss.irq_hander_chain_free_slot_head
                0x2000063d        0x1 CMakeFiles/picoPioUartRx.dir/C_/Users/m3925/Documents/Pico/pico-sdk/src/rp2_common/hardware_irq/irq.c.obj
 .bss.timer_callbacks_pending
                0x2000063e        0x1 CMakeFiles/picoPioUartRx.dir/C_/Users/m3925/Documents/Pico/pico-sdk/src/rp2_common/hardware_timer/timer.c.obj
 *(COMMON)
                0x20000640                . = ALIGN (0x4)
 *fill*         0x2000063f        0x1 
                0x20000640                __bss_end__ = .

.heap           0x20000640      0x800
                0x20000640                __end__ = .
                0x20000640                end = __end__
 *(.heap*)
 .heap          0x20000640      0x800 CMakeFiles/picoPioUartRx.dir/C_/Users/m3925/Documents/Pico/pico-sdk/src/rp2_common/pico_standard_link/crt0.S.obj
                0x20000e40                __HeapLimit = .

.stack1_dummy   0x20040000        0x0
 *(.stack1*)

.stack_dummy    0x20041000      0x800
 *(.stack*)
 .stack         0x20041000      0x800 CMakeFiles/picoPioUartRx.dir/C_/Users/m3925/Documents/Pico/pico-sdk/src/rp2_common/pico_standard_link/crt0.S.obj

.flash_end      0x100055d8        0x0
                0x100055d8                __flash_binary_end = .
                0x20040000                __StackLimit = (ORIGIN (RAM) + LENGTH (RAM))
                0x20041000                __StackOneTop = (ORIGIN (SCRATCH_X) + LENGTH (SCRATCH_X))
                0x20042000                __StackTop = (ORIGIN (SCRATCH_Y) + LENGTH (SCRATCH_Y))
                0x20041000                __StackOneBottom = (__StackOneTop - SIZEOF (.stack1_dummy))
                0x20041800                __StackBottom = (__StackTop - SIZEOF (.stack_dummy))
                0x20042000                PROVIDE (__stack = __StackTop)
                0x00000001                ASSERT ((__StackLimit >= __HeapLimit), region RAM overflowed)
                0x00000001                ASSERT (((__binary_info_header_end - __logical_binary_start) <= 0x100), Binary info must be in first 256 bytes of the binary)
LOAD CMakeFiles/picoPioUartRx.dir/picoPioUartRx.c.obj
LOAD CMakeFiles/picoPioUartRx.dir/C_/Users/m3925/Documents/Pico/pico-sdk/src/rp2_common/pico_stdlib/stdlib.c.obj
LOAD CMakeFiles/picoPioUartRx.dir/C_/Users/m3925/Documents/Pico/pico-sdk/src/rp2_common/hardware_gpio/gpio.c.obj
LOAD CMakeFiles/picoPioUartRx.dir/C_/Users/m3925/Documents/Pico/pico-sdk/src/rp2_common/hardware_claim/claim.c.obj
LOAD CMakeFiles/picoPioUartRx.dir/C_/Users/m3925/Documents/Pico/pico-sdk/src/rp2_common/pico_platform/platform.c.obj
LOAD CMakeFiles/picoPioUartRx.dir/C_/Users/m3925/Documents/Pico/pico-sdk/src/rp2_common/hardware_sync/sync.c.obj
LOAD CMakeFiles/picoPioUartRx.dir/C_/Users/m3925/Documents/Pico/pico-sdk/src/rp2_common/hardware_irq/irq.c.obj
LOAD CMakeFiles/picoPioUartRx.dir/C_/Users/m3925/Documents/Pico/pico-sdk/src/rp2_common/hardware_irq/irq_handler_chain.S.obj
LOAD CMakeFiles/picoPioUartRx.dir/C_/Users/m3925/Documents/Pico/pico-sdk/src/common/pico_sync/sem.c.obj
LOAD CMakeFiles/picoPioUartRx.dir/C_/Users/m3925/Documents/Pico/pico-sdk/src/common/pico_sync/lock_core.c.obj
LOAD CMakeFiles/picoPioUartRx.dir/C_/Users/m3925/Documents/Pico/pico-sdk/src/common/pico_time/time.c.obj
LOAD CMakeFiles/picoPioUartRx.dir/C_/Users/m3925/Documents/Pico/pico-sdk/src/common/pico_time/timeout_helper.c.obj
LOAD CMakeFiles/picoPioUartRx.dir/C_/Users/m3925/Documents/Pico/pico-sdk/src/rp2_common/hardware_timer/timer.c.obj
LOAD CMakeFiles/picoPioUartRx.dir/C_/Users/m3925/Documents/Pico/pico-sdk/src/common/pico_util/datetime.c.obj
LOAD CMakeFiles/picoPioUartRx.dir/C_/Users/m3925/Documents/Pico/pico-sdk/src/common/pico_util/pheap.c.obj
LOAD CMakeFiles/picoPioUartRx.dir/C_/Users/m3925/Documents/Pico/pico-sdk/src/common/pico_util/queue.c.obj
LOAD CMakeFiles/picoPioUartRx.dir/C_/Users/m3925/Documents/Pico/pico-sdk/src/common/pico_sync/mutex.c.obj
LOAD CMakeFiles/picoPioUartRx.dir/C_/Users/m3925/Documents/Pico/pico-sdk/src/common/pico_sync/critical_section.c.obj
LOAD CMakeFiles/picoPioUartRx.dir/C_/Users/m3925/Documents/Pico/pico-sdk/src/rp2_common/hardware_uart/uart.c.obj
LOAD CMakeFiles/picoPioUartRx.dir/C_/Users/m3925/Documents/Pico/pico-sdk/src/rp2_common/hardware_divider/divider.S.obj
LOAD CMakeFiles/picoPioUartRx.dir/C_/Users/m3925/Documents/Pico/pico-sdk/src/rp2_common/pico_runtime/runtime.c.obj
LOAD CMakeFiles/picoPioUartRx.dir/C_/Users/m3925/Documents/Pico/pico-sdk/src/rp2_common/hardware_clocks/clocks.c.obj
LOAD CMakeFiles/picoPioUartRx.dir/C_/Users/m3925/Documents/Pico/pico-sdk/src/rp2_common/hardware_pll/pll.c.obj
LOAD CMakeFiles/picoPioUartRx.dir/C_/Users/m3925/Documents/Pico/pico-sdk/src/rp2_common/hardware_vreg/vreg.c.obj
LOAD CMakeFiles/picoPioUartRx.dir/C_/Users/m3925/Documents/Pico/pico-sdk/src/rp2_common/hardware_watchdog/watchdog.c.obj
LOAD CMakeFiles/picoPioUartRx.dir/C_/Users/m3925/Documents/Pico/pico-sdk/src/rp2_common/hardware_xosc/xosc.c.obj
LOAD CMakeFiles/picoPioUartRx.dir/C_/Users/m3925/Documents/Pico/pico-sdk/src/rp2_common/pico_printf/printf.c.obj
LOAD CMakeFiles/picoPioUartRx.dir/C_/Users/m3925/Documents/Pico/pico-sdk/src/rp2_common/pico_bit_ops/bit_ops_aeabi.S.obj
LOAD CMakeFiles/picoPioUartRx.dir/C_/Users/m3925/Documents/Pico/pico-sdk/src/rp2_common/pico_bootrom/bootrom.c.obj
LOAD CMakeFiles/picoPioUartRx.dir/C_/Users/m3925/Documents/Pico/pico-sdk/src/rp2_common/pico_divider/divider.S.obj
LOAD CMakeFiles/picoPioUartRx.dir/C_/Users/m3925/Documents/Pico/pico-sdk/src/rp2_common/pico_double/double_aeabi.S.obj
LOAD CMakeFiles/picoPioUartRx.dir/C_/Users/m3925/Documents/Pico/pico-sdk/src/rp2_common/pico_double/double_init_rom.c.obj
LOAD CMakeFiles/picoPioUartRx.dir/C_/Users/m3925/Documents/Pico/pico-sdk/src/rp2_common/pico_double/double_math.c.obj
LOAD CMakeFiles/picoPioUartRx.dir/C_/Users/m3925/Documents/Pico/pico-sdk/src/rp2_common/pico_double/double_v1_rom_shim.S.obj
LOAD CMakeFiles/picoPioUartRx.dir/C_/Users/m3925/Documents/Pico/pico-sdk/src/rp2_common/pico_int64_ops/pico_int64_ops_aeabi.S.obj
LOAD CMakeFiles/picoPioUartRx.dir/C_/Users/m3925/Documents/Pico/pico-sdk/src/rp2_common/pico_float/float_aeabi.S.obj
LOAD CMakeFiles/picoPioUartRx.dir/C_/Users/m3925/Documents/Pico/pico-sdk/src/rp2_common/pico_float/float_init_rom.c.obj
LOAD CMakeFiles/picoPioUartRx.dir/C_/Users/m3925/Documents/Pico/pico-sdk/src/rp2_common/pico_float/float_math.c.obj
LOAD CMakeFiles/picoPioUartRx.dir/C_/Users/m3925/Documents/Pico/pico-sdk/src/rp2_common/pico_float/float_v1_rom_shim.S.obj
LOAD CMakeFiles/picoPioUartRx.dir/C_/Users/m3925/Documents/Pico/pico-sdk/src/rp2_common/pico_malloc/pico_malloc.c.obj
LOAD CMakeFiles/picoPioUartRx.dir/C_/Users/m3925/Documents/Pico/pico-sdk/src/rp2_common/pico_mem_ops/mem_ops_aeabi.S.obj
LOAD CMakeFiles/picoPioUartRx.dir/C_/Users/m3925/Documents/Pico/pico-sdk/src/rp2_common/pico_standard_link/crt0.S.obj
LOAD CMakeFiles/picoPioUartRx.dir/C_/Users/m3925/Documents/Pico/pico-sdk/src/rp2_common/pico_standard_link/new_delete.cpp.obj
LOAD CMakeFiles/picoPioUartRx.dir/C_/Users/m3925/Documents/Pico/pico-sdk/src/rp2_common/pico_standard_link/binary_info.c.obj
LOAD CMakeFiles/picoPioUartRx.dir/C_/Users/m3925/Documents/Pico/pico-sdk/src/rp2_common/pico_stdio/stdio.c.obj
LOAD CMakeFiles/picoPioUartRx.dir/C_/Users/m3925/Documents/Pico/pico-sdk/src/rp2_common/hardware_pio/pio.c.obj
LOAD C:\Users\m3925\AppData\Local\Temp\ccS4LV7j.o
LOAD c:/progra~2/gnuarm~1/102021~1.10/bin/../lib/gcc/arm-none-eabi/10.3.1/../../../../arm-none-eabi/lib/thumb/v6-m/nofp\libstdc++.a
LOAD c:/progra~2/gnuarm~1/102021~1.10/bin/../lib/gcc/arm-none-eabi/10.3.1/../../../../arm-none-eabi/lib/thumb/v6-m/nofp\libm.a
START GROUP
LOAD c:/progra~2/gnuarm~1/102021~1.10/bin/../lib/gcc/arm-none-eabi/10.3.1/thumb/v6-m/nofp\libgcc.a
LOAD c:/progra~2/gnuarm~1/102021~1.10/bin/../lib/gcc/arm-none-eabi/10.3.1/../../../../arm-none-eabi/lib/thumb/v6-m/nofp\libg.a
LOAD c:/progra~2/gnuarm~1/102021~1.10/bin/../lib/gcc/arm-none-eabi/10.3.1/../../../../arm-none-eabi/lib/thumb/v6-m/nofp\libc.a
END GROUP
START GROUP
LOAD c:/progra~2/gnuarm~1/102021~1.10/bin/../lib/gcc/arm-none-eabi/10.3.1/thumb/v6-m/nofp\libgcc.a
LOAD c:/progra~2/gnuarm~1/102021~1.10/bin/../lib/gcc/arm-none-eabi/10.3.1/../../../../arm-none-eabi/lib/thumb/v6-m/nofp\libc.a
LOAD c:/progra~2/gnuarm~1/102021~1.10/bin/../lib/gcc/arm-none-eabi/10.3.1/../../../../arm-none-eabi/lib/thumb/v6-m/nofp\libnosys.a
END GROUP
LOAD c:/progra~2/gnuarm~1/102021~1.10/bin/../lib/gcc/arm-none-eabi/10.3.1/thumb/v6-m/nofp/crtend.o
LOAD c:/progra~2/gnuarm~1/102021~1.10/bin/../lib/gcc/arm-none-eabi/10.3.1/thumb/v6-m/nofp/crtn.o
OUTPUT(picoPioUartRx.elf elf32-littlearm)
LOAD linker stubs

.ARM.attributes
                0x00000000       0x28
 .ARM.attributes
                0x00000000       0x1e c:/progra~2/gnuarm~1/102021~1.10/bin/../lib/gcc/arm-none-eabi/10.3.1/thumb/v6-m/nofp/crti.o
 .ARM.attributes
                0x0000001e       0x2c c:/progra~2/gnuarm~1/102021~1.10/bin/../lib/gcc/arm-none-eabi/10.3.1/thumb/v6-m/nofp/crtbegin.o
 .ARM.attributes
                0x0000004a       0x2c CMakeFiles/picoPioUartRx.dir/picoPioUartRx.c.obj
 .ARM.attributes
                0x00000076       0x2c CMakeFiles/picoPioUartRx.dir/C_/Users/m3925/Documents/Pico/pico-sdk/src/rp2_common/hardware_gpio/gpio.c.obj
 .ARM.attributes
                0x000000a2       0x2c CMakeFiles/picoPioUartRx.dir/C_/Users/m3925/Documents/Pico/pico-sdk/src/rp2_common/hardware_claim/claim.c.obj
 .ARM.attributes
                0x000000ce       0x2c CMakeFiles/picoPioUartRx.dir/C_/Users/m3925/Documents/Pico/pico-sdk/src/rp2_common/pico_platform/platform.c.obj
 .ARM.attributes
                0x000000fa       0x2c CMakeFiles/picoPioUartRx.dir/C_/Users/m3925/Documents/Pico/pico-sdk/src/rp2_common/hardware_sync/sync.c.obj
 .ARM.attributes
                0x00000126       0x2c CMakeFiles/picoPioUartRx.dir/C_/Users/m3925/Documents/Pico/pico-sdk/src/rp2_common/hardware_irq/irq.c.obj
 .ARM.attributes
                0x00000152       0x22 CMakeFiles/picoPioUartRx.dir/C_/Users/m3925/Documents/Pico/pico-sdk/src/rp2_common/hardware_irq/irq_handler_chain.S.obj
 .ARM.attributes
                0x00000174       0x2c CMakeFiles/picoPioUartRx.dir/C_/Users/m3925/Documents/Pico/pico-sdk/src/common/pico_sync/lock_core.c.obj
 .ARM.attributes
                0x000001a0       0x2c CMakeFiles/picoPioUartRx.dir/C_/Users/m3925/Documents/Pico/pico-sdk/src/common/pico_time/time.c.obj
 .ARM.attributes
                0x000001cc       0x2c CMakeFiles/picoPioUartRx.dir/C_/Users/m3925/Documents/Pico/pico-sdk/src/rp2_common/hardware_timer/timer.c.obj
 .ARM.attributes
                0x000001f8       0x2c CMakeFiles/picoPioUartRx.dir/C_/Users/m3925/Documents/Pico/pico-sdk/src/common/pico_util/pheap.c.obj
 .ARM.attributes
                0x00000224       0x2c CMakeFiles/picoPioUartRx.dir/C_/Users/m3925/Documents/Pico/pico-sdk/src/common/pico_sync/mutex.c.obj
 .ARM.attributes
                0x00000250       0x2c CMakeFiles/picoPioUartRx.dir/C_/Users/m3925/Documents/Pico/pico-sdk/src/rp2_common/pico_runtime/runtime.c.obj
 .ARM.attributes
                0x0000027c       0x2c CMakeFiles/picoPioUartRx.dir/C_/Users/m3925/Documents/Pico/pico-sdk/src/rp2_common/hardware_clocks/clocks.c.obj
 .ARM.attributes
                0x000002a8       0x2c CMakeFiles/picoPioUartRx.dir/C_/Users/m3925/Documents/Pico/pico-sdk/src/rp2_common/hardware_pll/pll.c.obj
 .ARM.attributes
                0x000002d4       0x2c CMakeFiles/picoPioUartRx.dir/C_/Users/m3925/Documents/Pico/pico-sdk/src/rp2_common/hardware_watchdog/watchdog.c.obj
 .ARM.attributes
                0x00000300       0x2c CMakeFiles/picoPioUartRx.dir/C_/Users/m3925/Documents/Pico/pico-sdk/src/rp2_common/hardware_xosc/xosc.c.obj
 .ARM.attributes
                0x0000032c       0x2c CMakeFiles/picoPioUartRx.dir/C_/Users/m3925/Documents/Pico/pico-sdk/src/rp2_common/pico_printf/printf.c.obj
 .ARM.attributes
                0x00000358       0x22 CMakeFiles/picoPioUartRx.dir/C_/Users/m3925/Documents/Pico/pico-sdk/src/rp2_common/pico_bit_ops/bit_ops_aeabi.S.obj
 .ARM.attributes
                0x0000037a       0x2c CMakeFiles/picoPioUartRx.dir/C_/Users/m3925/Documents/Pico/pico-sdk/src/rp2_common/pico_bootrom/bootrom.c.obj
 .ARM.attributes
                0x000003a6       0x22 CMakeFiles/picoPioUartRx.dir/C_/Users/m3925/Documents/Pico/pico-sdk/src/rp2_common/pico_divider/divider.S.obj
 .ARM.attributes
                0x000003c8       0x22 CMakeFiles/picoPioUartRx.dir/C_/Users/m3925/Documents/Pico/pico-sdk/src/rp2_common/pico_double/double_aeabi.S.obj
 .ARM.attributes
                0x000003ea       0x2c CMakeFiles/picoPioUartRx.dir/C_/Users/m3925/Documents/Pico/pico-sdk/src/rp2_common/pico_double/double_init_rom.c.obj
 .ARM.attributes
                0x00000416       0x22 CMakeFiles/picoPioUartRx.dir/C_/Users/m3925/Documents/Pico/pico-sdk/src/rp2_common/pico_double/double_v1_rom_shim.S.obj
 .ARM.attributes
                0x00000438       0x22 CMakeFiles/picoPioUartRx.dir/C_/Users/m3925/Documents/Pico/pico-sdk/src/rp2_common/pico_float/float_aeabi.S.obj
 .ARM.attributes
                0x0000045a       0x2c CMakeFiles/picoPioUartRx.dir/C_/Users/m3925/Documents/Pico/pico-sdk/src/rp2_common/pico_float/float_init_rom.c.obj
 .ARM.attributes
                0x00000486       0x22 CMakeFiles/picoPioUartRx.dir/C_/Users/m3925/Documents/Pico/pico-sdk/src/rp2_common/pico_float/float_v1_rom_shim.S.obj
 .ARM.attributes
                0x000004a8       0x22 CMakeFiles/picoPioUartRx.dir/C_/Users/m3925/Documents/Pico/pico-sdk/src/rp2_common/pico_mem_ops/mem_ops_aeabi.S.obj
 .ARM.attributes
                0x000004ca       0x22 CMakeFiles/picoPioUartRx.dir/C_/Users/m3925/Documents/Pico/pico-sdk/src/rp2_common/pico_standard_link/crt0.S.obj
 .ARM.attributes
                0x000004ec       0x2c CMakeFiles/picoPioUartRx.dir/C_/Users/m3925/Documents/Pico/pico-sdk/src/rp2_common/pico_standard_link/binary_info.c.obj
 .ARM.attributes
                0x00000518       0x2c CMakeFiles/picoPioUartRx.dir/C_/Users/m3925/Documents/Pico/pico-sdk/src/rp2_common/pico_stdio/stdio.c.obj
 .ARM.attributes
                0x00000544       0x2c CMakeFiles/picoPioUartRx.dir/C_/Users/m3925/Documents/Pico/pico-sdk/src/rp2_common/hardware_pio/pio.c.obj
 .ARM.attributes
                0x00000570       0x22 C:\Users\m3925\AppData\Local\Temp\ccS4LV7j.o
 .ARM.attributes
                0x00000592       0x1e c:/progra~2/gnuarm~1/102021~1.10/bin/../lib/gcc/arm-none-eabi/10.3.1/thumb/v6-m/nofp\libgcc.a(_dvmd_tls.o)
 .ARM.attributes
                0x000005b0       0x2c c:/progra~2/gnuarm~1/102021~1.10/bin/../lib/gcc/arm-none-eabi/10.3.1/../../../../arm-none-eabi/lib/thumb/v6-m/nofp\libg.a(lib_a-strlen-stub.o)

.comment        0x00000000       0x49
 .comment       0x00000000       0x49 CMakeFiles/picoPioUartRx.dir/picoPioUartRx.c.obj
                                 0x4a (size before relaxing)
 .comment       0x00000049       0x4a CMakeFiles/picoPioUartRx.dir/C_/Users/m3925/Documents/Pico/pico-sdk/src/rp2_common/hardware_gpio/gpio.c.obj
 .comment       0x00000049       0x4a CMakeFiles/picoPioUartRx.dir/C_/Users/m3925/Documents/Pico/pico-sdk/src/rp2_common/hardware_claim/claim.c.obj
 .comment       0x00000049       0x4a CMakeFiles/picoPioUartRx.dir/C_/Users/m3925/Documents/Pico/pico-sdk/src/rp2_common/pico_platform/platform.c.obj
 .comment       0x00000049       0x4a CMakeFiles/picoPioUartRx.dir/C_/Users/m3925/Documents/Pico/pico-sdk/src/rp2_common/hardware_sync/sync.c.obj
 .comment       0x00000049       0x4a CMakeFiles/picoPioUartRx.dir/C_/Users/m3925/Documents/Pico/pico-sdk/src/rp2_common/hardware_irq/irq.c.obj
 .comment       0x00000049       0x4a CMakeFiles/picoPioUartRx.dir/C_/Users/m3925/Documents/Pico/pico-sdk/src/common/pico_sync/lock_core.c.obj
 .comment       0x00000049       0x4a CMakeFiles/picoPioUartRx.dir/C_/Users/m3925/Documents/Pico/pico-sdk/src/common/pico_time/time.c.obj
 .comment       0x00000049       0x4a CMakeFiles/picoPioUartRx.dir/C_/Users/m3925/Documents/Pico/pico-sdk/src/rp2_common/hardware_timer/timer.c.obj
 .comment       0x00000049       0x4a CMakeFiles/picoPioUartRx.dir/C_/Users/m3925/Documents/Pico/pico-sdk/src/common/pico_util/pheap.c.obj
 .comment       0x00000049       0x4a CMakeFiles/picoPioUartRx.dir/C_/Users/m3925/Documents/Pico/pico-sdk/src/common/pico_sync/mutex.c.obj
 .comment       0x00000049       0x4a CMakeFiles/picoPioUartRx.dir/C_/Users/m3925/Documents/Pico/pico-sdk/src/rp2_common/pico_runtime/runtime.c.obj
 .comment       0x00000049       0x4a CMakeFiles/picoPioUartRx.dir/C_/Users/m3925/Documents/Pico/pico-sdk/src/rp2_common/hardware_clocks/clocks.c.obj
 .comment       0x00000049       0x4a CMakeFiles/picoPioUartRx.dir/C_/Users/m3925/Documents/Pico/pico-sdk/src/rp2_common/hardware_pll/pll.c.obj
 .comment       0x00000049       0x4a CMakeFiles/picoPioUartRx.dir/C_/Users/m3925/Documents/Pico/pico-sdk/src/rp2_common/hardware_watchdog/watchdog.c.obj
 .comment       0x00000049       0x4a CMakeFiles/picoPioUartRx.dir/C_/Users/m3925/Documents/Pico/pico-sdk/src/rp2_common/hardware_xosc/xosc.c.obj
 .comment       0x00000049       0x4a CMakeFiles/picoPioUartRx.dir/C_/Users/m3925/Documents/Pico/pico-sdk/src/rp2_common/pico_printf/printf.c.obj
 .comment       0x00000049       0x4a CMakeFiles/picoPioUartRx.dir/C_/Users/m3925/Documents/Pico/pico-sdk/src/rp2_common/pico_bootrom/bootrom.c.obj
 .comment       0x00000049       0x4a CMakeFiles/picoPioUartRx.dir/C_/Users/m3925/Documents/Pico/pico-sdk/src/rp2_common/pico_double/double_init_rom.c.obj
 .comment       0x00000049       0x4a CMakeFiles/picoPioUartRx.dir/C_/Users/m3925/Documents/Pico/pico-sdk/src/rp2_common/pico_float/float_init_rom.c.obj
 .comment       0x00000049       0x4a CMakeFiles/picoPioUartRx.dir/C_/Users/m3925/Documents/Pico/pico-sdk/src/rp2_common/pico_standard_link/binary_info.c.obj
 .comment       0x00000049       0x4a CMakeFiles/picoPioUartRx.dir/C_/Users/m3925/Documents/Pico/pico-sdk/src/rp2_common/pico_stdio/stdio.c.obj
 .comment       0x00000049       0x4a CMakeFiles/picoPioUartRx.dir/C_/Users/m3925/Documents/Pico/pico-sdk/src/rp2_common/hardware_pio/pio.c.obj

.debug_info     0x00000000    0x158fb
 .debug_info    0x00000000     0x173f CMakeFiles/picoPioUartRx.dir/picoPioUartRx.c.obj
 .debug_info    0x0000173f     0x16d7 CMakeFiles/picoPioUartRx.dir/C_/Users/m3925/Documents/Pico/pico-sdk/src/rp2_common/hardware_gpio/gpio.c.obj
 .debug_info    0x00002e16      0x6bb CMakeFiles/picoPioUartRx.dir/C_/Users/m3925/Documents/Pico/pico-sdk/src/rp2_common/hardware_claim/claim.c.obj
 .debug_info    0x000034d1      0x1e3 CMakeFiles/picoPioUartRx.dir/C_/Users/m3925/Documents/Pico/pico-sdk/src/rp2_common/pico_platform/platform.c.obj
 .debug_info    0x000036b4      0x58e CMakeFiles/picoPioUartRx.dir/C_/Users/m3925/Documents/Pico/pico-sdk/src/rp2_common/hardware_sync/sync.c.obj
 .debug_info    0x00003c42     0x1c49 CMakeFiles/picoPioUartRx.dir/C_/Users/m3925/Documents/Pico/pico-sdk/src/rp2_common/hardware_irq/irq.c.obj
 .debug_info    0x0000588b      0x1a4 CMakeFiles/picoPioUartRx.dir/C_/Users/m3925/Documents/Pico/pico-sdk/src/common/pico_sync/lock_core.c.obj
 .debug_info    0x00005a2f     0x3b3b CMakeFiles/picoPioUartRx.dir/C_/Users/m3925/Documents/Pico/pico-sdk/src/common/pico_time/time.c.obj
 .debug_info    0x0000956a     0x1134 CMakeFiles/picoPioUartRx.dir/C_/Users/m3925/Documents/Pico/pico-sdk/src/rp2_common/hardware_timer/timer.c.obj
 .debug_info    0x0000a69e     0x120c CMakeFiles/picoPioUartRx.dir/C_/Users/m3925/Documents/Pico/pico-sdk/src/common/pico_util/pheap.c.obj
 .debug_info    0x0000b8aa     0x2022 CMakeFiles/picoPioUartRx.dir/C_/Users/m3925/Documents/Pico/pico-sdk/src/common/pico_sync/mutex.c.obj
 .debug_info    0x0000d8cc      0xa87 CMakeFiles/picoPioUartRx.dir/C_/Users/m3925/Documents/Pico/pico-sdk/src/rp2_common/pico_runtime/runtime.c.obj
 .debug_info    0x0000e353      0xf63 CMakeFiles/picoPioUartRx.dir/C_/Users/m3925/Documents/Pico/pico-sdk/src/rp2_common/hardware_clocks/clocks.c.obj
 .debug_info    0x0000f2b6      0x54a CMakeFiles/picoPioUartRx.dir/C_/Users/m3925/Documents/Pico/pico-sdk/src/rp2_common/hardware_pll/pll.c.obj
 .debug_info    0x0000f800      0x4ee CMakeFiles/picoPioUartRx.dir/C_/Users/m3925/Documents/Pico/pico-sdk/src/rp2_common/hardware_watchdog/watchdog.c.obj
 .debug_info    0x0000fcee      0x1d8 CMakeFiles/picoPioUartRx.dir/C_/Users/m3925/Documents/Pico/pico-sdk/src/rp2_common/hardware_xosc/xosc.c.obj
 .debug_info    0x0000fec6     0x1a5f CMakeFiles/picoPioUartRx.dir/C_/Users/m3925/Documents/Pico/pico-sdk/src/rp2_common/pico_printf/printf.c.obj
 .debug_info    0x00011925       0x22 CMakeFiles/picoPioUartRx.dir/C_/Users/m3925/Documents/Pico/pico-sdk/src/rp2_common/pico_bit_ops/bit_ops_aeabi.S.obj
 .debug_info    0x00011947      0x27c CMakeFiles/picoPioUartRx.dir/C_/Users/m3925/Documents/Pico/pico-sdk/src/rp2_common/pico_bootrom/bootrom.c.obj
 .debug_info    0x00011bc3       0x22 CMakeFiles/picoPioUartRx.dir/C_/Users/m3925/Documents/Pico/pico-sdk/src/rp2_common/pico_divider/divider.S.obj
 .debug_info    0x00011be5       0x22 CMakeFiles/picoPioUartRx.dir/C_/Users/m3925/Documents/Pico/pico-sdk/src/rp2_common/pico_double/double_aeabi.S.obj
 .debug_info    0x00011c07      0x2d1 CMakeFiles/picoPioUartRx.dir/C_/Users/m3925/Documents/Pico/pico-sdk/src/rp2_common/pico_double/double_init_rom.c.obj
 .debug_info    0x00011ed8       0x22 CMakeFiles/picoPioUartRx.dir/C_/Users/m3925/Documents/Pico/pico-sdk/src/rp2_common/pico_double/double_v1_rom_shim.S.obj
 .debug_info    0x00011efa       0x22 CMakeFiles/picoPioUartRx.dir/C_/Users/m3925/Documents/Pico/pico-sdk/src/rp2_common/pico_float/float_aeabi.S.obj
 .debug_info    0x00011f1c      0x2eb CMakeFiles/picoPioUartRx.dir/C_/Users/m3925/Documents/Pico/pico-sdk/src/rp2_common/pico_float/float_init_rom.c.obj
 .debug_info    0x00012207       0x22 CMakeFiles/picoPioUartRx.dir/C_/Users/m3925/Documents/Pico/pico-sdk/src/rp2_common/pico_float/float_v1_rom_shim.S.obj
 .debug_info    0x00012229       0x22 CMakeFiles/picoPioUartRx.dir/C_/Users/m3925/Documents/Pico/pico-sdk/src/rp2_common/pico_mem_ops/mem_ops_aeabi.S.obj
 .debug_info    0x0001224b       0x22 CMakeFiles/picoPioUartRx.dir/C_/Users/m3925/Documents/Pico/pico-sdk/src/rp2_common/pico_standard_link/crt0.S.obj
 .debug_info    0x0001226d      0x327 CMakeFiles/picoPioUartRx.dir/C_/Users/m3925/Documents/Pico/pico-sdk/src/rp2_common/pico_standard_link/binary_info.c.obj
 .debug_info    0x00012594     0x12d4 CMakeFiles/picoPioUartRx.dir/C_/Users/m3925/Documents/Pico/pico-sdk/src/rp2_common/pico_stdio/stdio.c.obj
 .debug_info    0x00013868     0x2093 CMakeFiles/picoPioUartRx.dir/C_/Users/m3925/Documents/Pico/pico-sdk/src/rp2_common/hardware_pio/pio.c.obj

.debug_abbrev   0x00000000     0x4095
 .debug_abbrev  0x00000000      0x470 CMakeFiles/picoPioUartRx.dir/picoPioUartRx.c.obj
 .debug_abbrev  0x00000470      0x326 CMakeFiles/picoPioUartRx.dir/C_/Users/m3925/Documents/Pico/pico-sdk/src/rp2_common/hardware_gpio/gpio.c.obj
 .debug_abbrev  0x00000796      0x2e9 CMakeFiles/picoPioUartRx.dir/C_/Users/m3925/Documents/Pico/pico-sdk/src/rp2_common/hardware_claim/claim.c.obj
 .debug_abbrev  0x00000a7f       0xeb CMakeFiles/picoPioUartRx.dir/C_/Users/m3925/Documents/Pico/pico-sdk/src/rp2_common/pico_platform/platform.c.obj
 .debug_abbrev  0x00000b6a      0x21b CMakeFiles/picoPioUartRx.dir/C_/Users/m3925/Documents/Pico/pico-sdk/src/rp2_common/hardware_sync/sync.c.obj
 .debug_abbrev  0x00000d85      0x4fc CMakeFiles/picoPioUartRx.dir/C_/Users/m3925/Documents/Pico/pico-sdk/src/rp2_common/hardware_irq/irq.c.obj
 .debug_abbrev  0x00001281      0x116 CMakeFiles/picoPioUartRx.dir/C_/Users/m3925/Documents/Pico/pico-sdk/src/common/pico_sync/lock_core.c.obj
 .debug_abbrev  0x00001397      0x54d CMakeFiles/picoPioUartRx.dir/C_/Users/m3925/Documents/Pico/pico-sdk/src/common/pico_time/time.c.obj
 .debug_abbrev  0x000018e4      0x3a2 CMakeFiles/picoPioUartRx.dir/C_/Users/m3925/Documents/Pico/pico-sdk/src/rp2_common/hardware_timer/timer.c.obj
 .debug_abbrev  0x00001c86      0x297 CMakeFiles/picoPioUartRx.dir/C_/Users/m3925/Documents/Pico/pico-sdk/src/common/pico_util/pheap.c.obj
 .debug_abbrev  0x00001f1d      0x386 CMakeFiles/picoPioUartRx.dir/C_/Users/m3925/Documents/Pico/pico-sdk/src/common/pico_sync/mutex.c.obj
 .debug_abbrev  0x000022a3      0x3aa CMakeFiles/picoPioUartRx.dir/C_/Users/m3925/Documents/Pico/pico-sdk/src/rp2_common/pico_runtime/runtime.c.obj
 .debug_abbrev  0x0000264d      0x3a5 CMakeFiles/picoPioUartRx.dir/C_/Users/m3925/Documents/Pico/pico-sdk/src/rp2_common/hardware_clocks/clocks.c.obj
 .debug_abbrev  0x000029f2      0x1ea CMakeFiles/picoPioUartRx.dir/C_/Users/m3925/Documents/Pico/pico-sdk/src/rp2_common/hardware_pll/pll.c.obj
 .debug_abbrev  0x00002bdc      0x1a8 CMakeFiles/picoPioUartRx.dir/C_/Users/m3925/Documents/Pico/pico-sdk/src/rp2_common/hardware_watchdog/watchdog.c.obj
 .debug_abbrev  0x00002d84      0x109 CMakeFiles/picoPioUartRx.dir/C_/Users/m3925/Documents/Pico/pico-sdk/src/rp2_common/hardware_xosc/xosc.c.obj
 .debug_abbrev  0x00002e8d      0x384 CMakeFiles/picoPioUartRx.dir/C_/Users/m3925/Documents/Pico/pico-sdk/src/rp2_common/pico_printf/printf.c.obj
 .debug_abbrev  0x00003211       0x12 CMakeFiles/picoPioUartRx.dir/C_/Users/m3925/Documents/Pico/pico-sdk/src/rp2_common/pico_bit_ops/bit_ops_aeabi.S.obj
 .debug_abbrev  0x00003223      0x13b CMakeFiles/picoPioUartRx.dir/C_/Users/m3925/Documents/Pico/pico-sdk/src/rp2_common/pico_bootrom/bootrom.c.obj
 .debug_abbrev  0x0000335e       0x12 CMakeFiles/picoPioUartRx.dir/C_/Users/m3925/Documents/Pico/pico-sdk/src/rp2_common/pico_divider/divider.S.obj
 .debug_abbrev  0x00003370       0x12 CMakeFiles/picoPioUartRx.dir/C_/Users/m3925/Documents/Pico/pico-sdk/src/rp2_common/pico_double/double_aeabi.S.obj
 .debug_abbrev  0x00003382      0x179 CMakeFiles/picoPioUartRx.dir/C_/Users/m3925/Documents/Pico/pico-sdk/src/rp2_common/pico_double/double_init_rom.c.obj
 .debug_abbrev  0x000034fb       0x12 CMakeFiles/picoPioUartRx.dir/C_/Users/m3925/Documents/Pico/pico-sdk/src/rp2_common/pico_double/double_v1_rom_shim.S.obj
 .debug_abbrev  0x0000350d       0x12 CMakeFiles/picoPioUartRx.dir/C_/Users/m3925/Documents/Pico/pico-sdk/src/rp2_common/pico_float/float_aeabi.S.obj
 .debug_abbrev  0x0000351f      0x18c CMakeFiles/picoPioUartRx.dir/C_/Users/m3925/Documents/Pico/pico-sdk/src/rp2_common/pico_float/float_init_rom.c.obj
 .debug_abbrev  0x000036ab       0x12 CMakeFiles/picoPioUartRx.dir/C_/Users/m3925/Documents/Pico/pico-sdk/src/rp2_common/pico_float/float_v1_rom_shim.S.obj
 .debug_abbrev  0x000036bd       0x12 CMakeFiles/picoPioUartRx.dir/C_/Users/m3925/Documents/Pico/pico-sdk/src/rp2_common/pico_mem_ops/mem_ops_aeabi.S.obj
 .debug_abbrev  0x000036cf       0x12 CMakeFiles/picoPioUartRx.dir/C_/Users/m3925/Documents/Pico/pico-sdk/src/rp2_common/pico_standard_link/crt0.S.obj
 .debug_abbrev  0x000036e1       0xad CMakeFiles/picoPioUartRx.dir/C_/Users/m3925/Documents/Pico/pico-sdk/src/rp2_common/pico_standard_link/binary_info.c.obj
 .debug_abbrev  0x0000378e      0x4c3 CMakeFiles/picoPioUartRx.dir/C_/Users/m3925/Documents/Pico/pico-sdk/src/rp2_common/pico_stdio/stdio.c.obj
 .debug_abbrev  0x00003c51      0x444 CMakeFiles/picoPioUartRx.dir/C_/Users/m3925/Documents/Pico/pico-sdk/src/rp2_common/hardware_pio/pio.c.obj

.debug_loc      0x00000000     0xf459
 .debug_loc     0x00000000      0xc4f CMakeFiles/picoPioUartRx.dir/picoPioUartRx.c.obj
 .debug_loc     0x00000c4f     0x118d CMakeFiles/picoPioUartRx.dir/C_/Users/m3925/Documents/Pico/pico-sdk/src/rp2_common/hardware_gpio/gpio.c.obj
 .debug_loc     0x00001ddc      0x45f CMakeFiles/picoPioUartRx.dir/C_/Users/m3925/Documents/Pico/pico-sdk/src/rp2_common/hardware_claim/claim.c.obj
 .debug_loc     0x0000223b       0xe9 CMakeFiles/picoPioUartRx.dir/C_/Users/m3925/Documents/Pico/pico-sdk/src/rp2_common/pico_platform/platform.c.obj
 .debug_loc     0x00002324      0x233 CMakeFiles/picoPioUartRx.dir/C_/Users/m3925/Documents/Pico/pico-sdk/src/rp2_common/hardware_sync/sync.c.obj
 .debug_loc     0x00002557     0x1365 CMakeFiles/picoPioUartRx.dir/C_/Users/m3925/Documents/Pico/pico-sdk/src/rp2_common/hardware_irq/irq.c.obj
 .debug_loc     0x000038bc       0x60 CMakeFiles/picoPioUartRx.dir/C_/Users/m3925/Documents/Pico/pico-sdk/src/common/pico_sync/lock_core.c.obj
 .debug_loc     0x0000391c     0x2e2a CMakeFiles/picoPioUartRx.dir/C_/Users/m3925/Documents/Pico/pico-sdk/src/common/pico_time/time.c.obj
 .debug_loc     0x00006746      0x952 CMakeFiles/picoPioUartRx.dir/C_/Users/m3925/Documents/Pico/pico-sdk/src/rp2_common/hardware_timer/timer.c.obj
 .debug_loc     0x00007098     0x1439 CMakeFiles/picoPioUartRx.dir/C_/Users/m3925/Documents/Pico/pico-sdk/src/common/pico_util/pheap.c.obj
 .debug_loc     0x000084d1     0x1469 CMakeFiles/picoPioUartRx.dir/C_/Users/m3925/Documents/Pico/pico-sdk/src/common/pico_sync/mutex.c.obj
 .debug_loc     0x0000993a      0x3f0 CMakeFiles/picoPioUartRx.dir/C_/Users/m3925/Documents/Pico/pico-sdk/src/rp2_common/pico_runtime/runtime.c.obj
 .debug_loc     0x00009d2a      0x7eb CMakeFiles/picoPioUartRx.dir/C_/Users/m3925/Documents/Pico/pico-sdk/src/rp2_common/hardware_clocks/clocks.c.obj
 .debug_loc     0x0000a515      0x32f CMakeFiles/picoPioUartRx.dir/C_/Users/m3925/Documents/Pico/pico-sdk/src/rp2_common/hardware_pll/pll.c.obj
 .debug_loc     0x0000a844      0x2ec CMakeFiles/picoPioUartRx.dir/C_/Users/m3925/Documents/Pico/pico-sdk/src/rp2_common/hardware_watchdog/watchdog.c.obj
 .debug_loc     0x0000ab30       0x71 CMakeFiles/picoPioUartRx.dir/C_/Users/m3925/Documents/Pico/pico-sdk/src/rp2_common/hardware_xosc/xosc.c.obj
 .debug_loc     0x0000aba1     0x2095 CMakeFiles/picoPioUartRx.dir/C_/Users/m3925/Documents/Pico/pico-sdk/src/rp2_common/pico_printf/printf.c.obj
 .debug_loc     0x0000cc36      0x1a1 CMakeFiles/picoPioUartRx.dir/C_/Users/m3925/Documents/Pico/pico-sdk/src/rp2_common/pico_bootrom/bootrom.c.obj
 .debug_loc     0x0000cdd7       0x59 CMakeFiles/picoPioUartRx.dir/C_/Users/m3925/Documents/Pico/pico-sdk/src/rp2_common/pico_double/double_init_rom.c.obj
 .debug_loc     0x0000ce30       0x73 CMakeFiles/picoPioUartRx.dir/C_/Users/m3925/Documents/Pico/pico-sdk/src/rp2_common/pico_float/float_init_rom.c.obj
 .debug_loc     0x0000cea3      0xb7b CMakeFiles/picoPioUartRx.dir/C_/Users/m3925/Documents/Pico/pico-sdk/src/rp2_common/pico_stdio/stdio.c.obj
 .debug_loc     0x0000da1e     0x1a3b CMakeFiles/picoPioUartRx.dir/C_/Users/m3925/Documents/Pico/pico-sdk/src/rp2_common/hardware_pio/pio.c.obj

.debug_aranges  0x00000000      0xde8
 .debug_aranges
                0x00000000       0x40 CMakeFiles/picoPioUartRx.dir/picoPioUartRx.c.obj
 .debug_aranges
                0x00000040      0x100 CMakeFiles/picoPioUartRx.dir/C_/Users/m3925/Documents/Pico/pico-sdk/src/rp2_common/hardware_gpio/gpio.c.obj
 .debug_aranges
                0x00000140       0x48 CMakeFiles/picoPioUartRx.dir/C_/Users/m3925/Documents/Pico/pico-sdk/src/rp2_common/hardware_claim/claim.c.obj
 .debug_aranges
                0x00000188       0x28 CMakeFiles/picoPioUartRx.dir/C_/Users/m3925/Documents/Pico/pico-sdk/src/rp2_common/pico_platform/platform.c.obj
 .debug_aranges
                0x000001b0       0x58 CMakeFiles/picoPioUartRx.dir/C_/Users/m3925/Documents/Pico/pico-sdk/src/rp2_common/hardware_sync/sync.c.obj
 .debug_aranges
                0x00000208       0xc8 CMakeFiles/picoPioUartRx.dir/C_/Users/m3925/Documents/Pico/pico-sdk/src/rp2_common/hardware_irq/irq.c.obj
 .debug_aranges
                0x000002d0       0x20 CMakeFiles/picoPioUartRx.dir/C_/Users/m3925/Documents/Pico/pico-sdk/src/common/pico_sync/lock_core.c.obj
 .debug_aranges
                0x000002f0       0xd0 CMakeFiles/picoPioUartRx.dir/C_/Users/m3925/Documents/Pico/pico-sdk/src/common/pico_time/time.c.obj
 .debug_aranges
                0x000003c0       0x78 CMakeFiles/picoPioUartRx.dir/C_/Users/m3925/Documents/Pico/pico-sdk/src/rp2_common/hardware_timer/timer.c.obj
 .debug_aranges
                0x00000438       0x78 CMakeFiles/picoPioUartRx.dir/C_/Users/m3925/Documents/Pico/pico-sdk/src/common/pico_util/pheap.c.obj
 .debug_aranges
                0x000004b0       0x88 CMakeFiles/picoPioUartRx.dir/C_/Users/m3925/Documents/Pico/pico-sdk/src/common/pico_sync/mutex.c.obj
 .debug_aranges
                0x00000538       0x60 CMakeFiles/picoPioUartRx.dir/C_/Users/m3925/Documents/Pico/pico-sdk/src/rp2_common/pico_runtime/runtime.c.obj
 .debug_aranges
                0x00000598       0x70 CMakeFiles/picoPioUartRx.dir/C_/Users/m3925/Documents/Pico/pico-sdk/src/rp2_common/hardware_clocks/clocks.c.obj
 .debug_aranges
                0x00000608       0x28 CMakeFiles/picoPioUartRx.dir/C_/Users/m3925/Documents/Pico/pico-sdk/src/rp2_common/hardware_pll/pll.c.obj
 .debug_aranges
                0x00000630       0x58 CMakeFiles/picoPioUartRx.dir/C_/Users/m3925/Documents/Pico/pico-sdk/src/rp2_common/hardware_watchdog/watchdog.c.obj
 .debug_aranges